2026-09-18 13:29:35 | INFO     | pipeline start
2026-09-18 13:29:35 | INFO     | DB_PATH=/home/runner/work/remote-job-market-pipeline/remote-job-market-pipeline/remote_jobs.db
2026-09-18 13:29:35 | INFO     | GET https://jobicy.com/api/v2/remote-jobs {'count': 100}
2026-09-18 13:29:35 | INFO     | Jobicy → 100 jobs
2026-09-18 13:29:35 | INFO     | GET https://jobicy.com/api/v2/remote-jobs {'count': 100, 'tag': 'data'}
2026-09-18 13:29:36 | INFO     | Jobicy tag=data → 100 jobs
2026-09-18 13:29:37 | INFO     | GET https://remotive.com/api/remote-jobs {'category': 'data'}
2026-09-18 13:29:37 | INFO     | Remotive {'category': 'data'} → 16 jobs
2026-09-18 13:29:37 | INFO     | GET https://remotive.com/api/remote-jobs {'search': 'junior data analyst'}
2026-09-18 13:29:37 | INFO     | Remotive {'search': 'junior data analyst'} → 16 jobs
2026-09-18 13:29:37 | INFO     | GET https://remoteok.com/api
2026-09-18 13:29:38 | INFO     | RemoteOK → 99 jobs
2026-09-18 13:29:38 | INFO     | GET https://www.arbeitnow.com/api/job-board-api {'page': 1}
2026-09-18 13:29:38 | INFO     | Arbeitnow page 1 → 250 jobs
2026-09-18 13:29:38 | INFO     | GET https://www.arbeitnow.com/api/job-board-api {'page': 2}
2026-09-18 13:29:38 | INFO     | Arbeitnow page 2 → 250 jobs
2026-09-18 13:29:38 | INFO     | GET https://www.arbeitnow.com/api/job-board-api {'page': 3}
2026-09-18 13:29:38 | INFO     | Arbeitnow page 3 → 100 jobs
2026-09-18 13:29:39 | INFO     | ADZUNA_APP_ID / ADZUNA_APP_KEY not set — skipping Adzuna
2026-09-18 13:29:39 | INFO     | GET https://www.simplyhired.co.uk/search {'q': 'graduate data analyst', 'l': 'United Kingdom'}
2026-09-18 13:29:39 | WARNING  | SimplyHired non-200 for 'graduate data analyst': 403
2026-09-18 13:29:39 | INFO     | GET https://www.simplyhired.co.uk/search {'q': 'junior data analyst', 'l': 'United Kingdom'}
2026-09-18 13:29:39 | WARNING  | SimplyHired non-200 for 'junior data analyst': 403
2026-09-18 13:29:39 | INFO     | GET https://www.simplyhired.co.uk/search {'q': 'entry level data analyst', 'l': 'United Kingdom'}
2026-09-18 13:29:39 | WARNING  | SimplyHired non-200 for 'entry level data analyst': 403
2026-09-18 13:29:39 | INFO     | GET https://www.simplyhired.co.uk/search {'q': 'graduate analyst data', 'l': 'United Kingdom'}
2026-09-18 13:29:40 | WARNING  | SimplyHired non-200 for 'graduate analyst data': 403
2026-09-18 13:29:40 | INFO     | SimplyHired unique → 0
2026-09-18 13:29:40 | INFO     | unique jobs after merge: 885 (per source: jobicy=197, remotive=16, remoteok=99, arbeitnow=573, adzuna=0, simplyhired=0)
2026-09-18 13:29:40 | INFO     | transformed 885 jobs (408 data-ish)
2026-09-18 13:29:40 | INFO     | wrote 885 jobs to /home/runner/work/remote-job-market-pipeline/remote-job-market-pipeline/remote_jobs.db
2026-09-18 13:29:40 | INFO     | csv → /home/runner/work/remote-job-market-pipeline/remote-job-market-pipeline/data/remote_jobs_tableau.csv (118 rows); junior UK → /home/runner/work/remote-job-market-pipeline/remote-job-market-pipeline/data/remote_jobs_junior_uk.csv (5 rows); full dump 885 rows at remote_jobs_tableau_all.csv
2026-09-18 13:29:40 | INFO     | no TABLEAU_SERVER_URL — skipping publish. CSV is ready for Tableau Public (GitHub raw URL works fine).
2026-09-18 13:29:40 | INFO     | source counts: {'jobicy': 197, 'remotive': 16, 'remoteok': 99, 'arbeitnow': 573, 'adzuna': 0, 'simplyhired': 0}
2026-09-18 13:29:40 | INFO     | done — jobs=885 companies=763 data_roles=408 tableau_rows=118 junior_uk_rows=5 top_skills=[('Python', 27), ('SQL', 19), ('Excel', 8), ('Snowflake', 2), ('dbt', 2), ('Power BI', 1)]
2026-09-19 12:58:18 | INFO     | pipeline start
2026-09-19 12:58:18 | INFO     | DB_PATH=/home/runner/work/remote-job-market-pipeline/remote-job-market-pipeline/remote_jobs.db
2026-09-19 12:58:18 | INFO     | GET https://jobicy.com/api/v2/remote-jobs {'count': 100}
2026-09-19 12:58:18 | INFO     | Jobicy → 100 jobs
2026-09-19 12:58:18 | INFO     | GET https://jobicy.com/api/v2/remote-jobs {'count': 100, 'tag': 'data'}
2026-09-19 12:58:18 | INFO     | Jobicy tag=data → 100 jobs
2026-09-19 12:58:18 | INFO     | GET https://remotive.com/api/remote-jobs {'category': 'data'}
2026-09-19 12:58:19 | INFO     | Remotive {'category': 'data'} → 17 jobs
2026-09-19 12:58:19 | INFO     | GET https://remotive.com/api/remote-jobs {'search': 'junior data analyst'}
2026-09-19 12:58:19 | INFO     | Remotive {'search': 'junior data analyst'} → 17 jobs
2026-09-19 12:58:19 | INFO     | GET https://remoteok.com/api
2026-09-19 12:58:19 | INFO     | RemoteOK → 99 jobs
2026-09-19 12:58:19 | INFO     | GET https://www.arbeitnow.com/api/job-board-api {'page': 1}
2026-09-19 12:58:20 | INFO     | Arbeitnow page 1 → 250 jobs
2026-09-19 12:58:20 | INFO     | GET https://www.arbeitnow.com/api/job-board-api {'page': 2}
2026-09-19 12:58:20 | INFO     | Arbeitnow page 2 → 250 jobs
2026-09-19 12:58:20 | INFO     | GET https://www.arbeitnow.com/api/job-board-api {'page': 3}
2026-09-19 12:58:20 | INFO     | Arbeitnow page 3 → 100 jobs
2026-09-19 12:58:21 | INFO     | ADZUNA_APP_ID / ADZUNA_APP_KEY not set — skipping Adzuna
2026-09-19 12:58:21 | INFO     | GET https://www.simplyhired.co.uk/search {'q': 'graduate data analyst', 'l': 'United Kingdom'}
2026-09-19 12:58:21 | WARNING  | SimplyHired non-200 for 'graduate data analyst': 403
2026-09-19 12:58:21 | INFO     | GET https://www.simplyhired.co.uk/search {'q': 'junior data analyst', 'l': 'United Kingdom'}
2026-09-19 12:58:21 | WARNING  | SimplyHired non-200 for 'junior data analyst': 403
2026-09-19 12:58:21 | INFO     | GET https://www.simplyhired.co.uk/search {'q': 'entry level data analyst', 'l': 'United Kingdom'}
2026-09-19 12:58:21 | WARNING  | SimplyHired non-200 for 'entry level data analyst': 403
2026-09-19 12:58:21 | INFO     | GET https://www.simplyhired.co.uk/search {'q': 'graduate analyst data', 'l': 'United Kingdom'}
2026-09-19 12:58:21 | WARNING  | SimplyHired non-200 for 'graduate analyst data': 403
2026-09-19 12:58:21 | INFO     | SimplyHired unique → 0
2026-09-19 12:58:21 | INFO     | unique jobs after merge: 913 (per source: jobicy=197, remotive=17, remoteok=99, arbeitnow=600, adzuna=0, simplyhired=0)
2026-09-19 12:58:21 | INFO     | transformed 913 jobs (382 data-ish)
2026-09-19 12:58:21 | INFO     | wrote 913 jobs to /home/runner/work/remote-job-market-pipeline/remote-job-market-pipeline/remote_jobs.db
2026-09-19 12:58:21 | INFO     | csv → /home/runner/work/remote-job-market-pipeline/remote-job-market-pipeline/data/remote_jobs_tableau.csv (112 rows); junior UK → /home/runner/work/remote-job-market-pipeline/remote-job-market-pipeline/data/remote_jobs_junior_uk.csv (10 rows); full dump 913 rows at remote_jobs_tableau_all.csv
2026-09-19 12:58:21 | INFO     | no TABLEAU_SERVER_URL — skipping publish. CSV is ready for Tableau Public (GitHub raw URL works fine).
2026-09-19 12:58:21 | INFO     | source counts: {'jobicy': 197, 'remotive': 17, 'remoteok': 99, 'arbeitnow': 600, 'adzuna': 0, 'simplyhired': 0}
2026-09-19 12:58:21 | INFO     | done — jobs=913 companies=1000 data_roles=382 tableau_rows=112 junior_uk_rows=10 top_skills=[('Python', 17), ('SQL', 16), ('Excel', 14), ('Power BI', 3), ('Tableau', 3), ('dbt', 2), ('Snowflake', 1)]
2026-09-20 13:30:17 | INFO     | pipeline start
2026-09-20 13:30:17 | INFO     | DB_PATH=/home/runner/work/remote-job-market-pipeline/remote-job-market-pipeline/remote_jobs.db
2026-09-20 13:30:17 | INFO     | GET https://jobicy.com/api/v2/remote-jobs {'count': 100}
2026-09-20 13:30:17 | INFO     | Jobicy → 100 jobs
2026-09-20 13:30:17 | INFO     | GET https://jobicy.com/api/v2/remote-jobs {'count': 100, 'tag': 'data'}
2026-09-20 13:30:17 | INFO     | Jobicy tag=data → 100 jobs
2026-09-20 13:30:17 | INFO     | GET https://remotive.com/api/remote-jobs {'category': 'data'}
2026-09-20 13:30:17 | INFO     | Remotive {'category': 'data'} → 20 jobs
2026-09-20 13:30:17 | INFO     | GET https://remotive.com/api/remote-jobs {'search': 'junior data analyst'}
2026-09-20 13:30:17 | INFO     | Remotive {'search': 'junior data analyst'} → 20 jobs
2026-09-20 13:30:17 | INFO     | GET https://remoteok.com/api
2026-09-20 13:30:18 | INFO     | RemoteOK → 99 jobs
2026-09-20 13:30:18 | INFO     | GET https://www.arbeitnow.com/api/job-board-api {'page': 1}
2026-09-20 13:30:18 | INFO     | Arbeitnow page 1 → 250 jobs
2026-09-20 13:30:18 | INFO     | GET https://www.arbeitnow.com/api/job-board-api {'page': 2}
2026-09-20 13:30:18 | INFO     | Arbeitnow page 2 → 250 jobs
2026-09-20 13:30:18 | INFO     | GET https://www.arbeitnow.com/api/job-board-api {'page': 3}
2026-09-20 13:30:18 | INFO     | Arbeitnow page 3 → 100 jobs
2026-09-20 13:30:19 | INFO     | ADZUNA_APP_ID / ADZUNA_APP_KEY not set — skipping Adzuna
2026-09-20 13:30:19 | INFO     | GET https://www.simplyhired.co.uk/search {'q': 'graduate data analyst', 'l': 'United Kingdom'}
2026-09-20 13:30:19 | WARNING  | SimplyHired non-200 for 'graduate data analyst': 403
2026-09-20 13:30:19 | INFO     | GET https://www.simplyhired.co.uk/search {'q': 'junior data analyst', 'l': 'United Kingdom'}
2026-09-20 13:30:19 | WARNING  | SimplyHired non-200 for 'junior data analyst': 403
2026-09-20 13:30:19 | INFO     | GET https://www.simplyhired.co.uk/search {'q': 'entry level data analyst', 'l': 'United Kingdom'}
2026-09-20 13:30:19 | WARNING  | SimplyHired non-200 for 'entry level data analyst': 403
2026-09-20 13:30:19 | INFO     | GET https://www.simplyhired.co.uk/search {'q': 'graduate analyst data', 'l': 'United Kingdom'}
2026-09-20 13:30:19 | WARNING  | SimplyHired non-200 for 'graduate analyst data': 403
2026-09-20 13:30:19 | INFO     | SimplyHired unique → 0
2026-09-20 13:30:19 | INFO     | unique jobs after merge: 912 (per source: jobicy=194, remotive=20, remoteok=99, arbeitnow=599, adzuna=0, simplyhired=0)
2026-09-20 13:30:19 | INFO     | transformed 912 jobs (365 data-ish)
2026-09-20 13:30:20 | INFO     | wrote 912 jobs to /home/runner/work/remote-job-market-pipeline/remote-job-market-pipeline/remote_jobs.db
2026-09-20 13:30:20 | INFO     | csv → /home/runner/work/remote-job-market-pipeline/remote-job-market-pipeline/data/remote_jobs_tableau.csv (126 rows); junior UK → /home/runner/work/remote-job-market-pipeline/remote-job-market-pipeline/data/remote_jobs_junior_uk.csv (45 rows); full dump 912 rows at remote_jobs_tableau_all.csv
2026-09-20 13:30:20 | INFO     | no TABLEAU_SERVER_URL — skipping publish. CSV is ready for Tableau Public (GitHub raw URL works fine).
2026-09-20 13:30:20 | INFO     | source counts: {'jobicy': 194, 'remotive': 20, 'remoteok': 99, 'arbeitnow': 599, 'adzuna': 0, 'simplyhired': 0}
2026-09-20 13:30:20 | INFO     | done — jobs=912 companies=1149 data_roles=365 tableau_rows=126 junior_uk_rows=45 top_skills=[('Python', 18), ('Excel', 9), ('SQL', 8), ('dbt', 4), ('Snowflake', 2)]
2026-09-21 15:44:47 | INFO     | pipeline start
2026-09-21 15:44:47 | INFO     | DB_PATH=/home/runner/work/remote-job-market-pipeline/remote-job-market-pipeline/remote_jobs.db
2026-09-21 15:44:47 | INFO     | GET https://jobicy.com/api/v2/remote-jobs {'count': 100}
2026-09-21 15:44:48 | INFO     | Jobicy → 100 jobs
2026-09-21 15:44:48 | INFO     | GET https://jobicy.com/api/v2/remote-jobs {'count': 100, 'tag': 'data'}
2026-09-21 15:44:49 | INFO     | Jobicy tag=data → 100 jobs
2026-09-21 15:44:49 | INFO     | GET https://remotive.com/api/remote-jobs {'category': 'data'}
2026-09-21 15:44:49 | INFO     | Remotive {'category': 'data'} → 18 jobs
2026-09-21 15:44:49 | INFO     | GET https://remotive.com/api/remote-jobs {'search': 'junior data analyst'}
2026-09-21 15:44:49 | INFO     | Remotive {'search': 'junior data analyst'} → 18 jobs
2026-09-21 15:44:49 | INFO     | GET https://remoteok.com/api
2026-09-21 15:44:50 | INFO     | RemoteOK → 99 jobs
2026-09-21 15:44:50 | INFO     | GET https://www.arbeitnow.com/api/job-board-api {'page': 1}
2026-09-21 15:44:51 | INFO     | Arbeitnow page 1 → 250 jobs
2026-09-21 15:44:51 | INFO     | GET https://www.arbeitnow.com/api/job-board-api {'page': 2}
2026-09-21 15:44:51 | INFO     | Arbeitnow page 2 → 250 jobs
2026-09-21 15:44:51 | INFO     | GET https://www.arbeitnow.com/api/job-board-api {'page': 3}
2026-09-21 15:44:51 | INFO     | Arbeitnow page 3 → 100 jobs
2026-09-21 15:44:52 | INFO     | ADZUNA_APP_ID / ADZUNA_APP_KEY not set — skipping Adzuna
2026-09-21 15:44:52 | INFO     | GET https://www.simplyhired.co.uk/search {'q': 'graduate data analyst', 'l': 'United Kingdom'}
2026-09-21 15:44:52 | WARNING  | SimplyHired non-200 for 'graduate data analyst': 403
2026-09-21 15:44:52 | INFO     | GET https://www.simplyhired.co.uk/search {'q': 'junior data analyst', 'l': 'United Kingdom'}
2026-09-21 15:44:52 | WARNING  | SimplyHired non-200 for 'junior data analyst': 403
2026-09-21 15:44:52 | INFO     | GET https://www.simplyhired.co.uk/search {'q': 'entry level data analyst', 'l': 'United Kingdom'}
2026-09-21 15:44:52 | WARNING  | SimplyHired non-200 for 'entry level data analyst': 403
2026-09-21 15:44:52 | INFO     | GET https://www.simplyhired.co.uk/search {'q': 'graduate analyst data', 'l': 'United Kingdom'}
2026-09-21 15:44:52 | WARNING  | SimplyHired non-200 for 'graduate analyst data': 403
2026-09-21 15:44:52 | INFO     | SimplyHired unique → 0
2026-09-21 15:44:52 | INFO     | unique jobs after merge: 884 (per source: jobicy=196, remotive=18, remoteok=99, arbeitnow=571, adzuna=0, simplyhired=0)
2026-09-21 15:44:52 | INFO     | transformed 884 jobs (347 data-ish)
2026-09-21 15:44:52 | INFO     | wrote 884 jobs to /home/runner/work/remote-job-market-pipeline/remote-job-market-pipeline/remote_jobs.db
2026-09-21 15:44:52 | INFO     | csv → /home/runner/work/remote-job-market-pipeline/remote-job-market-pipeline/data/remote_jobs_tableau.csv (90 rows); junior UK → /home/runner/work/remote-job-market-pipeline/remote-job-market-pipeline/data/remote_jobs_junior_uk.csv (7 rows); full dump 884 rows at remote_jobs_tableau_all.csv
2026-09-21 15:44:52 | INFO     | no TABLEAU_SERVER_URL — skipping publish. CSV is ready for Tableau Public (GitHub raw URL works fine).
2026-09-21 15:44:52 | INFO     | source counts: {'jobicy': 196, 'remotive': 18, 'remoteok': 99, 'arbeitnow': 571, 'adzuna': 0, 'simplyhired': 0}
2026-09-21 15:44:52 | INFO     | done — jobs=884 companies=1302 data_roles=347 tableau_rows=90 junior_uk_rows=7 top_skills=[('Python', 16), ('Excel', 15), ('SQL', 11), ('dbt', 4), ('Snowflake', 1)]
2026-09-22 13:56:59 | INFO     | pipeline start
2026-09-22 13:56:59 | INFO     | DB_PATH=/home/runner/work/remote-job-market-pipeline/remote-job-market-pipeline/remote_jobs.db
2026-09-22 13:56:59 | INFO     | GET https://jobicy.com/api/v2/remote-jobs {'count': 100}
2026-09-22 13:57:00 | INFO     | Jobicy → 100 jobs
2026-09-22 13:57:00 | INFO     | GET https://jobicy.com/api/v2/remote-jobs {'count': 100, 'tag': 'data'}
2026-09-22 13:57:00 | INFO     | Jobicy tag=data → 100 jobs
2026-09-22 13:57:00 | INFO     | GET https://remotive.com/api/remote-jobs {'category': 'data'}
2026-09-22 13:57:00 | INFO     | Remotive {'category': 'data'} → 18 jobs
2026-09-22 13:57:00 | INFO     | GET https://remotive.com/api/remote-jobs {'search': 'junior data analyst'}
2026-09-22 13:57:00 | INFO     | Remotive {'search': 'junior data analyst'} → 18 jobs
2026-09-22 13:57:00 | INFO     | GET https://remoteok.com/api
2026-09-22 13:57:00 | INFO     | RemoteOK → 99 jobs
2026-09-22 13:57:01 | INFO     | GET https://www.arbeitnow.com/api/job-board-api {'page': 1}
2026-09-22 13:57:01 | INFO     | Arbeitnow page 1 → 250 jobs
2026-09-22 13:57:01 | INFO     | GET https://www.arbeitnow.com/api/job-board-api {'page': 2}
2026-09-22 13:57:01 | INFO     | Arbeitnow page 2 → 250 jobs
2026-09-22 13:57:01 | INFO     | GET https://www.arbeitnow.com/api/job-board-api {'page': 3}
2026-09-22 13:57:01 | INFO     | Arbeitnow page 3 → 100 jobs
2026-09-22 13:57:02 | INFO     | ADZUNA_APP_ID / ADZUNA_APP_KEY not set — skipping Adzuna
2026-09-22 13:57:02 | INFO     | GET https://www.simplyhired.co.uk/search {'q': 'graduate data analyst', 'l': 'United Kingdom'}
2026-09-22 13:57:02 | WARNING  | SimplyHired non-200 for 'graduate data analyst': 403
2026-09-22 13:57:02 | INFO     | GET https://www.simplyhired.co.uk/search {'q': 'junior data analyst', 'l': 'United Kingdom'}
2026-09-22 13:57:02 | WARNING  | SimplyHired non-200 for 'junior data analyst': 403
2026-09-22 13:57:02 | INFO     | GET https://www.simplyhired.co.uk/search {'q': 'entry level data analyst', 'l': 'United Kingdom'}
2026-09-22 13:57:02 | WARNING  | SimplyHired non-200 for 'entry level data analyst': 403
2026-09-22 13:57:02 | INFO     | GET https://www.simplyhired.co.uk/search {'q': 'graduate analyst data', 'l': 'United Kingdom'}
2026-09-22 13:57:02 | WARNING  | SimplyHired non-200 for 'graduate analyst data': 403
2026-09-22 13:57:02 | INFO     | SimplyHired unique → 0
2026-09-22 13:57:02 | INFO     | unique jobs after merge: 894 (per source: jobicy=195, remotive=18, remoteok=99, arbeitnow=582, adzuna=0, simplyhired=0)
2026-09-22 13:57:02 | INFO     | transformed 894 jobs (365 data-ish)
2026-09-22 13:57:02 | INFO     | wrote 894 jobs to /home/runner/work/remote-job-market-pipeline/remote-job-market-pipeline/remote_jobs.db
2026-09-22 13:57:02 | INFO     | csv → /home/runner/work/remote-job-market-pipeline/remote-job-market-pipeline/data/remote_jobs_tableau.csv (126 rows); junior UK → /home/runner/work/remote-job-market-pipeline/remote-job-market-pipeline/data/remote_jobs_junior_uk.csv (10 rows); full dump 894 rows at remote_jobs_tableau_all.csv
2026-09-22 13:57:02 | INFO     | no TABLEAU_SERVER_URL — skipping publish. CSV is ready for Tableau Public (GitHub raw URL works fine).
2026-09-22 13:57:02 | INFO     | source counts: {'jobicy': 195, 'remotive': 18, 'remoteok': 99, 'arbeitnow': 582, 'adzuna': 0, 'simplyhired': 0}
2026-09-22 13:57:02 | INFO     | done — jobs=894 companies=1473 data_roles=365 tableau_rows=126 junior_uk_rows=10 top_skills=[('Python', 24), ('SQL', 17), ('Snowflake', 5), ('Excel', 4), ('dbt', 4)]
2026-09-23 14:08:07 | INFO     | pipeline start
2026-09-23 14:08:07 | INFO     | DB_PATH=/home/runner/work/remote-job-market-pipeline/remote-job-market-pipeline/remote_jobs.db
2026-09-23 14:08:07 | INFO     | GET https://jobicy.com/api/v2/remote-jobs {'count': 100}
2026-09-23 14:08:07 | INFO     | Jobicy → 100 jobs
2026-09-23 14:08:07 | INFO     | GET https://jobicy.com/api/v2/remote-jobs {'count': 100, 'tag': 'data'}
2026-09-23 14:08:07 | INFO     | Jobicy tag=data → 100 jobs
2026-09-23 14:08:07 | INFO     | GET https://remotive.com/api/remote-jobs {'category': 'data'}
2026-09-23 14:08:07 | INFO     | Remotive {'category': 'data'} → 19 jobs
2026-09-23 14:08:07 | INFO     | GET https://remotive.com/api/remote-jobs {'search': 'junior data analyst'}
2026-09-23 14:08:07 | INFO     | Remotive {'search': 'junior data analyst'} → 19 jobs
2026-09-23 14:08:07 | INFO     | GET https://remoteok.com/api
2026-09-23 14:08:08 | INFO     | RemoteOK → 99 jobs
2026-09-23 14:08:08 | INFO     | GET https://www.arbeitnow.com/api/job-board-api {'page': 1}
2026-09-23 14:08:08 | INFO     | Arbeitnow page 1 → 250 jobs
2026-09-23 14:08:08 | INFO     | GET https://www.arbeitnow.com/api/job-board-api {'page': 2}
2026-09-23 14:08:08 | INFO     | Arbeitnow page 2 → 250 jobs
2026-09-23 14:08:08 | INFO     | GET https://www.arbeitnow.com/api/job-board-api {'page': 3}
2026-09-23 14:08:08 | INFO     | Arbeitnow page 3 → 100 jobs
2026-09-23 14:08:09 | INFO     | ADZUNA_APP_ID / ADZUNA_APP_KEY not set — skipping Adzuna
2026-09-23 14:08:09 | INFO     | GET https://www.simplyhired.co.uk/search {'q': 'graduate data analyst', 'l': 'United Kingdom'}
2026-09-23 14:08:09 | WARNING  | SimplyHired non-200 for 'graduate data analyst': 403
2026-09-23 14:08:09 | INFO     | GET https://www.simplyhired.co.uk/search {'q': 'junior data analyst', 'l': 'United Kingdom'}
2026-09-23 14:08:09 | WARNING  | SimplyHired non-200 for 'junior data analyst': 403
2026-09-23 14:08:09 | INFO     | GET https://www.simplyhired.co.uk/search {'q': 'entry level data analyst', 'l': 'United Kingdom'}
2026-09-23 14:08:09 | WARNING  | SimplyHired non-200 for 'entry level data analyst': 403
2026-09-23 14:08:09 | INFO     | GET https://www.simplyhired.co.uk/search {'q': 'graduate analyst data', 'l': 'United Kingdom'}
2026-09-23 14:08:09 | WARNING  | SimplyHired non-200 for 'graduate analyst data': 403
2026-09-23 14:08:09 | INFO     | SimplyHired unique → 0
2026-09-23 14:08:09 | INFO     | unique jobs after merge: 883 (per source: jobicy=196, remotive=19, remoteok=99, arbeitnow=569, adzuna=0, simplyhired=0)
2026-09-23 14:08:09 | INFO     | transformed 883 jobs (409 data-ish)
2026-09-23 14:08:09 | INFO     | wrote 883 jobs to /home/runner/work/remote-job-market-pipeline/remote-job-market-pipeline/remote_jobs.db
2026-09-23 14:08:09 | INFO     | csv → /home/runner/work/remote-job-market-pipeline/remote-job-market-pipeline/data/remote_jobs_tableau.csv (113 rows); junior UK → /home/runner/work/remote-job-market-pipeline/remote-job-market-pipeline/data/remote_jobs_junior_uk.csv (11 rows); full dump 883 rows at remote_jobs_tableau_all.csv
2026-09-23 14:08:09 | INFO     | no TABLEAU_SERVER_URL — skipping publish. CSV is ready for Tableau Public (GitHub raw URL works fine).
2026-09-23 14:08:09 | INFO     | source counts: {'jobicy': 196, 'remotive': 19, 'remoteok': 99, 'arbeitnow': 569, 'adzuna': 0, 'simplyhired': 0}
2026-09-23 14:08:09 | INFO     | done — jobs=883 companies=1649 data_roles=409 tableau_rows=113 junior_uk_rows=11 top_skills=[('Python', 28), ('Excel', 8), ('SQL', 8), ('dbt', 3), ('Power BI', 1), ('Snowflake', 1)]
2026-09-24 14:06:05 | INFO     | pipeline start
2026-09-24 14:06:05 | INFO     | DB_PATH=/home/runner/work/remote-job-market-pipeline/remote-job-market-pipeline/remote_jobs.db
2026-09-24 14:06:05 | INFO     | GET https://jobicy.com/api/v2/remote-jobs {'count': 100}
2026-09-24 14:06:06 | INFO     | Jobicy → 100 jobs
2026-09-24 14:06:06 | INFO     | GET https://jobicy.com/api/v2/remote-jobs {'count': 100, 'tag': 'data'}
2026-09-24 14:06:07 | INFO     | Jobicy tag=data → 100 jobs
2026-09-24 14:06:07 | INFO     | GET https://remotive.com/api/remote-jobs {'category': 'data'}
2026-09-24 14:06:07 | INFO     | Remotive {'category': 'data'} → 19 jobs
2026-09-24 14:06:07 | INFO     | GET https://remotive.com/api/remote-jobs {'search': 'junior data analyst'}
2026-09-24 14:06:07 | INFO     | Remotive {'search': 'junior data analyst'} → 19 jobs
2026-09-24 14:06:07 | INFO     | GET https://remoteok.com/api
2026-09-24 14:06:08 | INFO     | RemoteOK → 99 jobs
2026-09-24 14:06:08 | INFO     | GET https://www.arbeitnow.com/api/job-board-api {'page': 1}
2026-09-24 14:06:08 | INFO     | Arbeitnow page 1 → 250 jobs
2026-09-24 14:06:08 | INFO     | GET https://www.arbeitnow.com/api/job-board-api {'page': 2}
2026-09-24 14:06:08 | INFO     | Arbeitnow page 2 → 250 jobs
2026-09-24 14:06:08 | INFO     | GET https://www.arbeitnow.com/api/job-board-api {'page': 3}
2026-09-24 14:06:09 | INFO     | Arbeitnow page 3 → 100 jobs
2026-09-24 14:06:09 | INFO     | ADZUNA_APP_ID / ADZUNA_APP_KEY not set — skipping Adzuna
2026-09-24 14:06:09 | INFO     | GET https://www.simplyhired.co.uk/search {'q': 'graduate data analyst', 'l': 'United Kingdom'}
2026-09-24 14:06:09 | WARNING  | SimplyHired non-200 for 'graduate data analyst': 403
2026-09-24 14:06:09 | INFO     | GET https://www.simplyhired.co.uk/search {'q': 'junior data analyst', 'l': 'United Kingdom'}
2026-09-24 14:06:09 | WARNING  | SimplyHired non-200 for 'junior data analyst': 403
2026-09-24 14:06:09 | INFO     | GET https://www.simplyhired.co.uk/search {'q': 'entry level data analyst', 'l': 'United Kingdom'}
2026-09-24 14:06:10 | WARNING  | SimplyHired non-200 for 'entry level data analyst': 403
2026-09-24 14:06:10 | INFO     | GET https://www.simplyhired.co.uk/search {'q': 'graduate analyst data', 'l': 'United Kingdom'}
2026-09-24 14:06:10 | WARNING  | SimplyHired non-200 for 'graduate analyst data': 403
2026-09-24 14:06:10 | INFO     | SimplyHired unique → 0
2026-09-24 14:06:10 | INFO     | unique jobs after merge: 893 (per source: jobicy=196, remotive=19, remoteok=99, arbeitnow=579, adzuna=0, simplyhired=0)
2026-09-24 14:06:10 | INFO     | transformed 893 jobs (385 data-ish)
2026-09-24 14:06:10 | INFO     | wrote 893 jobs to /home/runner/work/remote-job-market-pipeline/remote-job-market-pipeline/remote_jobs.db
2026-09-24 14:06:10 | INFO     | csv → /home/runner/work/remote-job-market-pipeline/remote-job-market-pipeline/data/remote_jobs_tableau.csv (121 rows); junior UK → /home/runner/work/remote-job-market-pipeline/remote-job-market-pipeline/data/remote_jobs_junior_uk.csv (21 rows); full dump 893 rows at remote_jobs_tableau_all.csv
2026-09-24 14:06:10 | INFO     | no TABLEAU_SERVER_URL — skipping publish. CSV is ready for Tableau Public (GitHub raw URL works fine).
2026-09-24 14:06:10 | INFO     | source counts: {'jobicy': 196, 'remotive': 19, 'remoteok': 99, 'arbeitnow': 579, 'adzuna': 0, 'simplyhired': 0}
2026-09-24 14:06:10 | INFO     | done — jobs=893 companies=1818 data_roles=385 tableau_rows=121 junior_uk_rows=21 top_skills=[('Python', 24), ('SQL', 14), ('Excel', 5), ('dbt', 5), ('Snowflake', 3), ('Power BI', 1)]
2026-09-25 14:29:04 | INFO     | pipeline start
2026-09-25 14:29:04 | INFO     | DB_PATH=/home/runner/work/remote-job-market-pipeline/remote-job-market-pipeline/remote_jobs.db
2026-09-25 14:29:04 | INFO     | GET https://jobicy.com/api/v2/remote-jobs {'count': 100}
2026-09-25 14:29:04 | INFO     | Jobicy → 100 jobs
2026-09-25 14:29:04 | INFO     | GET https://jobicy.com/api/v2/remote-jobs {'count': 100, 'tag': 'data'}
2026-09-25 14:29:05 | INFO     | Jobicy tag=data → 100 jobs
2026-09-25 14:29:06 | INFO     | GET https://remotive.com/api/remote-jobs {'category': 'data'}
2026-09-25 14:29:06 | INFO     | Remotive {'category': 'data'} → 19 jobs
2026-09-25 14:29:06 | INFO     | GET https://remotive.com/api/remote-jobs {'search': 'junior data analyst'}
2026-09-25 14:29:06 | INFO     | Remotive {'search': 'junior data analyst'} → 19 jobs
2026-09-25 14:29:06 | INFO     | GET https://remoteok.com/api
2026-09-25 14:29:06 | INFO     | RemoteOK → 99 jobs
2026-09-25 14:29:07 | INFO     | GET https://www.arbeitnow.com/api/job-board-api {'page': 1}
2026-09-25 14:29:07 | INFO     | Arbeitnow page 1 → 250 jobs
2026-09-25 14:29:07 | INFO     | GET https://www.arbeitnow.com/api/job-board-api {'page': 2}
2026-09-25 14:29:07 | INFO     | Arbeitnow page 2 → 250 jobs
2026-09-25 14:29:07 | INFO     | GET https://www.arbeitnow.com/api/job-board-api {'page': 3}
2026-09-25 14:29:07 | INFO     | Arbeitnow page 3 → 100 jobs
2026-09-25 14:29:08 | INFO     | ADZUNA_APP_ID / ADZUNA_APP_KEY not set — skipping Adzuna
2026-09-25 14:29:08 | INFO     | GET https://www.simplyhired.co.uk/search {'q': 'graduate data analyst', 'l': 'United Kingdom'}
2026-09-25 14:29:08 | WARNING  | SimplyHired non-200 for 'graduate data analyst': 403
2026-09-25 14:29:08 | INFO     | GET https://www.simplyhired.co.uk/search {'q': 'junior data analyst', 'l': 'United Kingdom'}
2026-09-25 14:29:08 | WARNING  | SimplyHired non-200 for 'junior data analyst': 403
2026-09-25 14:29:08 | INFO     | GET https://www.simplyhired.co.uk/search {'q': 'entry level data analyst', 'l': 'United Kingdom'}
2026-09-25 14:29:08 | WARNING  | SimplyHired non-200 for 'entry level data analyst': 403
2026-09-25 14:29:08 | INFO     | GET https://www.simplyhired.co.uk/search {'q': 'graduate analyst data', 'l': 'United Kingdom'}
2026-09-25 14:29:08 | WARNING  | SimplyHired non-200 for 'graduate analyst data': 403
2026-09-25 14:29:08 | INFO     | SimplyHired unique → 0
2026-09-25 14:29:08 | INFO     | unique jobs after merge: 906 (per source: jobicy=194, remotive=19, remoteok=99, arbeitnow=594, adzuna=0, simplyhired=0)
2026-09-25 14:29:08 | INFO     | transformed 906 jobs (368 data-ish)
2026-09-25 14:29:08 | INFO     | wrote 906 jobs to /home/runner/work/remote-job-market-pipeline/remote-job-market-pipeline/remote_jobs.db
2026-09-25 14:29:08 | INFO     | csv → /home/runner/work/remote-job-market-pipeline/remote-job-market-pipeline/data/remote_jobs_tableau.csv (101 rows); junior UK → /home/runner/work/remote-job-market-pipeline/remote-job-market-pipeline/data/remote_jobs_junior_uk.csv (5 rows); full dump 906 rows at remote_jobs_tableau_all.csv
2026-09-25 14:29:08 | INFO     | no TABLEAU_SERVER_URL — skipping publish. CSV is ready for Tableau Public (GitHub raw URL works fine).
2026-09-25 14:29:08 | INFO     | source counts: {'jobicy': 194, 'remotive': 19, 'remoteok': 99, 'arbeitnow': 594, 'adzuna': 0, 'simplyhired': 0}
2026-09-25 14:29:08 | INFO     | done — jobs=906 companies=1980 data_roles=368 tableau_rows=101 junior_uk_rows=5 top_skills=[('Python', 21), ('Excel', 12), ('SQL', 8), ('Snowflake', 2), ('dbt', 2)]
2026-09-26 13:40:41 | INFO     | pipeline start
2026-09-26 13:40:41 | INFO     | DB_PATH=/home/runner/work/remote-job-market-pipeline/remote-job-market-pipeline/remote_jobs.db
2026-09-26 13:40:41 | INFO     | GET https://jobicy.com/api/v2/remote-jobs {'count': 100}
2026-09-26 13:40:42 | INFO     | Jobicy → 100 jobs
2026-09-26 13:40:42 | INFO     | GET https://jobicy.com/api/v2/remote-jobs {'count': 100, 'tag': 'data'}
2026-09-26 13:40:42 | INFO     | Jobicy tag=data → 100 jobs
2026-09-26 13:40:42 | INFO     | GET https://remotive.com/api/remote-jobs {'category': 'data'}
2026-09-26 13:40:42 | INFO     | Remotive {'category': 'data'} → 18 jobs
2026-09-26 13:40:42 | INFO     | GET https://remotive.com/api/remote-jobs {'search': 'junior data analyst'}
2026-09-26 13:40:42 | INFO     | Remotive {'search': 'junior data analyst'} → 18 jobs
2026-09-26 13:40:42 | INFO     | GET https://remoteok.com/api
2026-09-26 13:40:43 | INFO     | RemoteOK → 99 jobs
2026-09-26 13:40:43 | INFO     | GET https://www.arbeitnow.com/api/job-board-api {'page': 1}
2026-09-26 13:40:43 | INFO     | Arbeitnow page 1 → 250 jobs
2026-09-26 13:40:43 | INFO     | GET https://www.arbeitnow.com/api/job-board-api {'page': 2}
2026-09-26 13:40:44 | INFO     | Arbeitnow page 2 → 250 jobs
2026-09-26 13:40:44 | INFO     | GET https://www.arbeitnow.com/api/job-board-api {'page': 3}
2026-09-26 13:40:44 | INFO     | Arbeitnow page 3 → 100 jobs
2026-09-26 13:40:45 | INFO     | ADZUNA_APP_ID / ADZUNA_APP_KEY not set — skipping Adzuna
2026-09-26 13:40:45 | INFO     | GET https://www.simplyhired.co.uk/search {'q': 'graduate data analyst', 'l': 'United Kingdom'}
2026-09-26 13:40:45 | WARNING  | SimplyHired non-200 for 'graduate data analyst': 403
2026-09-26 13:40:45 | INFO     | GET https://www.simplyhired.co.uk/search {'q': 'junior data analyst', 'l': 'United Kingdom'}
2026-09-26 13:40:45 | WARNING  | SimplyHired non-200 for 'junior data analyst': 403
2026-09-26 13:40:45 | INFO     | GET https://www.simplyhired.co.uk/search {'q': 'entry level data analyst', 'l': 'United Kingdom'}
2026-09-26 13:40:45 | WARNING  | SimplyHired non-200 for 'entry level data analyst': 403
2026-09-26 13:40:45 | INFO     | GET https://www.simplyhired.co.uk/search {'q': 'graduate analyst data', 'l': 'United Kingdom'}
2026-09-26 13:40:45 | WARNING  | SimplyHired non-200 for 'graduate analyst data': 403
2026-09-26 13:40:45 | INFO     | SimplyHired unique → 0
2026-09-26 13:40:45 | INFO     | unique jobs after merge: 906 (per source: jobicy=191, remotive=18, remoteok=99, arbeitnow=598, adzuna=0, simplyhired=0)
2026-09-26 13:40:45 | INFO     | transformed 906 jobs (397 data-ish)
2026-09-26 13:40:45 | INFO     | wrote 906 jobs to /home/runner/work/remote-job-market-pipeline/remote-job-market-pipeline/remote_jobs.db
2026-09-26 13:40:45 | INFO     | csv → /home/runner/work/remote-job-market-pipeline/remote-job-market-pipeline/data/remote_jobs_tableau.csv (104 rows); junior UK → /home/runner/work/remote-job-market-pipeline/remote-job-market-pipeline/data/remote_jobs_junior_uk.csv (9 rows); full dump 906 rows at remote_jobs_tableau_all.csv
2026-09-26 13:40:45 | INFO     | no TABLEAU_SERVER_URL — skipping publish. CSV is ready for Tableau Public (GitHub raw URL works fine).
2026-09-26 13:40:45 | INFO     | source counts: {'jobicy': 191, 'remotive': 18, 'remoteok': 99, 'arbeitnow': 598, 'adzuna': 0, 'simplyhired': 0}
2026-09-26 13:40:45 | INFO     | done — jobs=906 companies=2063 data_roles=397 tableau_rows=104 junior_uk_rows=9 top_skills=[('Python', 18), ('SQL', 17), ('Excel', 12), ('dbt', 6), ('Snowflake', 4), ('Power BI', 1)]
2026-09-27 14:36:32 | INFO     | pipeline start
2026-09-27 14:36:32 | INFO     | DB_PATH=/home/runner/work/remote-job-market-pipeline/remote-job-market-pipeline/remote_jobs.db
2026-09-27 14:36:32 | INFO     | GET https://jobicy.com/api/v2/remote-jobs {'count': 100}
2026-09-27 14:36:32 | INFO     | Jobicy → 100 jobs
2026-09-27 14:36:32 | INFO     | GET https://jobicy.com/api/v2/remote-jobs {'count': 100, 'tag': 'data'}
2026-09-27 14:36:32 | INFO     | Jobicy tag=data → 100 jobs
2026-09-27 14:36:32 | INFO     | GET https://remotive.com/api/remote-jobs {'category': 'data'}
2026-09-27 14:36:32 | INFO     | Remotive {'category': 'data'} → 17 jobs
2026-09-27 14:36:32 | INFO     | GET https://remotive.com/api/remote-jobs {'search': 'junior data analyst'}
2026-09-27 14:36:32 | INFO     | Remotive {'search': 'junior data analyst'} → 17 jobs
2026-09-27 14:36:32 | INFO     | GET https://remoteok.com/api
2026-09-27 14:36:33 | INFO     | RemoteOK → 99 jobs
2026-09-27 14:36:33 | INFO     | GET https://www.arbeitnow.com/api/job-board-api {'page': 1}
2026-09-27 14:36:33 | INFO     | Arbeitnow page 1 → 325 jobs
2026-09-27 14:36:33 | INFO     | GET https://www.arbeitnow.com/api/job-board-api {'page': 2}
2026-09-27 14:36:33 | INFO     | Arbeitnow page 2 → 325 jobs
2026-09-27 14:36:33 | INFO     | GET https://www.arbeitnow.com/api/job-board-api {'page': 3}
2026-09-27 14:36:33 | INFO     | Arbeitnow page 3 → 100 jobs
2026-09-27 14:36:34 | INFO     | ADZUNA_APP_ID / ADZUNA_APP_KEY not set — skipping Adzuna
2026-09-27 14:36:34 | INFO     | GET https://www.simplyhired.co.uk/search {'q': 'graduate data analyst', 'l': 'United Kingdom'}
2026-09-27 14:36:34 | WARNING  | SimplyHired non-200 for 'graduate data analyst': 403
2026-09-27 14:36:34 | INFO     | GET https://www.simplyhired.co.uk/search {'q': 'junior data analyst', 'l': 'United Kingdom'}
2026-09-27 14:36:34 | WARNING  | SimplyHired non-200 for 'junior data analyst': 403
2026-09-27 14:36:34 | INFO     | GET https://www.simplyhired.co.uk/search {'q': 'entry level data analyst', 'l': 'United Kingdom'}
2026-09-27 14:36:34 | WARNING  | SimplyHired non-200 for 'entry level data analyst': 403
2026-09-27 14:36:34 | INFO     | GET https://www.simplyhired.co.uk/search {'q': 'graduate analyst data', 'l': 'United Kingdom'}
2026-09-27 14:36:35 | WARNING  | SimplyHired non-200 for 'graduate analyst data': 403
2026-09-27 14:36:35 | INFO     | SimplyHired unique → 0
2026-09-27 14:36:35 | INFO     | unique jobs after merge: 1044 (per source: jobicy=197, remotive=17, remoteok=99, arbeitnow=731, adzuna=0, simplyhired=0)
2026-09-27 14:36:35 | INFO     | transformed 1044 jobs (435 data-ish)
2026-09-27 14:36:35 | INFO     | wrote 1044 jobs to /home/runner/work/remote-job-market-pipeline/remote-job-market-pipeline/remote_jobs.db
2026-09-27 14:36:35 | INFO     | csv → /home/runner/work/remote-job-market-pipeline/remote-job-market-pipeline/data/remote_jobs_tableau.csv (121 rows); junior UK → /home/runner/work/remote-job-market-pipeline/remote-job-market-pipeline/data/remote_jobs_junior_uk.csv (14 rows); full dump 1044 rows at remote_jobs_tableau_all.csv
2026-09-27 14:36:35 | INFO     | no TABLEAU_SERVER_URL — skipping publish. CSV is ready for Tableau Public (GitHub raw URL works fine).
2026-09-27 14:36:35 | INFO     | source counts: {'jobicy': 197, 'remotive': 17, 'remoteok': 99, 'arbeitnow': 731, 'adzuna': 0, 'simplyhired': 0}
2026-09-27 14:36:35 | INFO     | done — jobs=1044 companies=2210 data_roles=435 tableau_rows=121 junior_uk_rows=14 top_skills=[('Python', 20), ('SQL', 12), ('Excel', 9), ('dbt', 2), ('Snowflake', 1)]
2026-09-28 17:27:59 | INFO     | pipeline start
2026-09-28 17:27:59 | INFO     | DB_PATH=/home/runner/work/remote-job-market-pipeline/remote-job-market-pipeline/remote_jobs.db
2026-09-28 17:27:59 | INFO     | GET https://jobicy.com/api/v2/remote-jobs {'count': 100}
2026-09-28 17:28:00 | INFO     | Jobicy → 100 jobs
2026-09-28 17:28:00 | INFO     | GET https://jobicy.com/api/v2/remote-jobs {'count': 100, 'tag': 'data'}
2026-09-28 17:28:01 | INFO     | Jobicy tag=data → 100 jobs
2026-09-28 17:28:01 | INFO     | GET https://remotive.com/api/remote-jobs {'category': 'data'}
2026-09-28 17:28:01 | INFO     | Remotive {'category': 'data'} → 16 jobs
2026-09-28 17:28:01 | INFO     | GET https://remotive.com/api/remote-jobs {'search': 'junior data analyst'}
2026-09-28 17:28:01 | INFO     | Remotive {'search': 'junior data analyst'} → 16 jobs
2026-09-28 17:28:01 | INFO     | GET https://remoteok.com/api
2026-09-28 17:28:02 | INFO     | RemoteOK → 99 jobs
2026-09-28 17:28:02 | INFO     | GET https://www.arbeitnow.com/api/job-board-api {'page': 1}
2026-09-28 17:28:02 | INFO     | Arbeitnow page 1 → 326 jobs
2026-09-28 17:28:02 | INFO     | GET https://www.arbeitnow.com/api/job-board-api {'page': 2}
2026-09-28 17:28:03 | INFO     | Arbeitnow page 2 → 325 jobs
2026-09-28 17:28:03 | INFO     | GET https://www.arbeitnow.com/api/job-board-api {'page': 3}
2026-09-28 17:28:03 | INFO     | Arbeitnow page 3 → 100 jobs
2026-09-28 17:28:04 | INFO     | ADZUNA_APP_ID / ADZUNA_APP_KEY not set — skipping Adzuna
2026-09-28 17:28:04 | INFO     | GET https://www.simplyhired.co.uk/search {'q': 'graduate data analyst', 'l': 'United Kingdom'}
2026-09-28 17:28:04 | WARNING  | SimplyHired non-200 for 'graduate data analyst': 403
2026-09-28 17:28:04 | INFO     | GET https://www.simplyhired.co.uk/search {'q': 'junior data analyst', 'l': 'United Kingdom'}
2026-09-28 17:28:04 | WARNING  | SimplyHired non-200 for 'junior data analyst': 403
2026-09-28 17:28:04 | INFO     | GET https://www.simplyhired.co.uk/search {'q': 'entry level data analyst', 'l': 'United Kingdom'}
2026-09-28 17:28:04 | WARNING  | SimplyHired non-200 for 'entry level data analyst': 403
2026-09-28 17:28:04 | INFO     | GET https://www.simplyhired.co.uk/search {'q': 'graduate analyst data', 'l': 'United Kingdom'}
2026-09-28 17:28:04 | WARNING  | SimplyHired non-200 for 'graduate analyst data': 403
2026-09-28 17:28:04 | INFO     | SimplyHired unique → 0
2026-09-28 17:28:04 | INFO     | unique jobs after merge: 1063 (per source: jobicy=197, remotive=16, remoteok=99, arbeitnow=751, adzuna=0, simplyhired=0)
2026-09-28 17:28:04 | INFO     | transformed 1063 jobs (417 data-ish)
2026-09-28 17:28:04 | INFO     | wrote 1063 jobs to /home/runner/work/remote-job-market-pipeline/remote-job-market-pipeline/remote_jobs.db
2026-09-28 17:28:04 | INFO     | csv → /home/runner/work/remote-job-market-pipeline/remote-job-market-pipeline/data/remote_jobs_tableau.csv (130 rows); junior UK → /home/runner/work/remote-job-market-pipeline/remote-job-market-pipeline/data/remote_jobs_junior_uk.csv (15 rows); full dump 1063 rows at remote_jobs_tableau_all.csv
2026-09-28 17:28:04 | INFO     | no TABLEAU_SERVER_URL — skipping publish. CSV is ready for Tableau Public (GitHub raw URL works fine).
2026-09-28 17:28:04 | INFO     | source counts: {'jobicy': 197, 'remotive': 16, 'remoteok': 99, 'arbeitnow': 751, 'adzuna': 0, 'simplyhired': 0}
2026-09-28 17:28:04 | INFO     | done — jobs=1063 companies=2361 data_roles=417 tableau_rows=130 junior_uk_rows=15 top_skills=[('Python', 14), ('SQL', 12), ('Excel', 8), ('dbt', 3), ('Snowflake', 2)]
2026-09-29 15:29:46 | INFO     | pipeline start
2026-09-29 15:29:46 | INFO     | DB_PATH=/home/runner/work/remote-job-market-pipeline/remote-job-market-pipeline/remote_jobs.db
2026-09-29 15:29:46 | INFO     | GET https://jobicy.com/api/v2/remote-jobs {'count': 100}
2026-09-29 15:29:46 | INFO     | Jobicy → 100 jobs
2026-09-29 15:29:46 | INFO     | GET https://jobicy.com/api/v2/remote-jobs {'count': 100, 'tag': 'data'}
2026-09-29 15:29:47 | INFO     | Jobicy tag=data → 100 jobs
2026-09-29 15:29:47 | INFO     | GET https://remotive.com/api/remote-jobs {'category': 'data'}
2026-09-29 15:29:50 | INFO     | Remotive {'category': 'data'} → 16 jobs
2026-09-29 15:29:50 | INFO     | GET https://remotive.com/api/remote-jobs {'search': 'junior data analyst'}
2026-09-29 15:29:50 | INFO     | Remotive {'search': 'junior data analyst'} → 16 jobs
2026-09-29 15:29:50 | INFO     | GET https://remoteok.com/api
2026-09-29 15:29:51 | INFO     | RemoteOK → 99 jobs
2026-09-29 15:29:51 | INFO     | GET https://www.arbeitnow.com/api/job-board-api {'page': 1}
2026-09-29 15:29:52 | INFO     | Arbeitnow page 1 → 326 jobs
2026-09-29 15:29:52 | INFO     | GET https://www.arbeitnow.com/api/job-board-api {'page': 2}
2026-09-29 15:29:52 | INFO     | Arbeitnow page 2 → 325 jobs
2026-09-29 15:29:52 | INFO     | GET https://www.arbeitnow.com/api/job-board-api {'page': 3}
2026-09-29 15:29:52 | INFO     | Arbeitnow page 3 → 100 jobs
2026-09-29 15:29:53 | INFO     | ADZUNA_APP_ID / ADZUNA_APP_KEY not set — skipping Adzuna
2026-09-29 15:29:53 | INFO     | GET https://www.simplyhired.co.uk/search {'q': 'graduate data analyst', 'l': 'United Kingdom'}
2026-09-29 15:29:53 | WARNING  | SimplyHired non-200 for 'graduate data analyst': 403
2026-09-29 15:29:53 | INFO     | GET https://www.simplyhired.co.uk/search {'q': 'junior data analyst', 'l': 'United Kingdom'}
2026-09-29 15:29:53 | WARNING  | SimplyHired non-200 for 'junior data analyst': 403
2026-09-29 15:29:53 | INFO     | GET https://www.simplyhired.co.uk/search {'q': 'entry level data analyst', 'l': 'United Kingdom'}
2026-09-29 15:29:53 | WARNING  | SimplyHired non-200 for 'entry level data analyst': 403
2026-09-29 15:29:53 | INFO     | GET https://www.simplyhired.co.uk/search {'q': 'graduate analyst data', 'l': 'United Kingdom'}
2026-09-29 15:29:53 | WARNING  | SimplyHired non-200 for 'graduate analyst data': 403
2026-09-29 15:29:53 | INFO     | SimplyHired unique → 0
2026-09-29 15:29:53 | INFO     | unique jobs after merge: 1061 (per source: jobicy=197, remotive=16, remoteok=99, arbeitnow=749, adzuna=0, simplyhired=0)
2026-09-29 15:29:53 | INFO     | transformed 1061 jobs (444 data-ish)
2026-09-29 15:29:53 | INFO     | wrote 1061 jobs to /home/runner/work/remote-job-market-pipeline/remote-job-market-pipeline/remote_jobs.db
2026-09-29 15:29:53 | INFO     | csv → /home/runner/work/remote-job-market-pipeline/remote-job-market-pipeline/data/remote_jobs_tableau.csv (131 rows); junior UK → /home/runner/work/remote-job-market-pipeline/remote-job-market-pipeline/data/remote_jobs_junior_uk.csv (13 rows); full dump 1061 rows at remote_jobs_tableau_all.csv
2026-09-29 15:29:53 | INFO     | no TABLEAU_SERVER_URL — skipping publish. CSV is ready for Tableau Public (GitHub raw URL works fine).
2026-09-29 15:29:53 | INFO     | source counts: {'jobicy': 197, 'remotive': 16, 'remoteok': 99, 'arbeitnow': 749, 'adzuna': 0, 'simplyhired': 0}
2026-09-29 15:29:53 | INFO     | done — jobs=1061 companies=2486 data_roles=444 tableau_rows=131 junior_uk_rows=13 top_skills=[('Python', 27), ('SQL', 16), ('Excel', 5), ('dbt', 4), ('Snowflake', 2), ('Power BI', 1), ('Tableau', 1)]
2026-09-30 15:44:03 | INFO     | pipeline start
2026-09-30 15:44:03 | INFO     | DB_PATH=/home/runner/work/remote-job-market-pipeline/remote-job-market-pipeline/remote_jobs.db
2026-09-30 15:44:03 | INFO     | GET https://jobicy.com/api/v2/remote-jobs {'count': 100}
2026-09-30 15:44:04 | INFO     | Jobicy → 100 jobs
2026-09-30 15:44:04 | INFO     | GET https://jobicy.com/api/v2/remote-jobs {'count': 100, 'tag': 'data'}
2026-09-30 15:44:05 | INFO     | Jobicy tag=data → 100 jobs
2026-09-30 15:44:05 | INFO     | GET https://remotive.com/api/remote-jobs {'category': 'data'}
2026-09-30 15:44:05 | INFO     | Remotive {'category': 'data'} → 16 jobs
2026-09-30 15:44:05 | INFO     | GET https://remotive.com/api/remote-jobs {'search': 'junior data analyst'}
2026-09-30 15:44:05 | INFO     | Remotive {'search': 'junior data analyst'} → 16 jobs
2026-09-30 15:44:05 | INFO     | GET https://remoteok.com/api
2026-09-30 15:44:06 | INFO     | RemoteOK → 99 jobs
2026-09-30 15:44:06 | INFO     | GET https://www.arbeitnow.com/api/job-board-api {'page': 1}
2026-09-30 15:44:06 | INFO     | Arbeitnow page 1 → 326 jobs
2026-09-30 15:44:06 | INFO     | GET https://www.arbeitnow.com/api/job-board-api {'page': 2}
2026-09-30 15:44:07 | INFO     | Arbeitnow page 2 → 325 jobs
2026-09-30 15:44:07 | INFO     | GET https://www.arbeitnow.com/api/job-board-api {'page': 3}
2026-09-30 15:44:07 | INFO     | Arbeitnow page 3 → 100 jobs
2026-09-30 15:44:07 | INFO     | ADZUNA_APP_ID / ADZUNA_APP_KEY not set — skipping Adzuna
2026-09-30 15:44:07 | INFO     | GET https://www.simplyhired.co.uk/search {'q': 'graduate data analyst', 'l': 'United Kingdom'}
2026-09-30 15:44:07 | WARNING  | SimplyHired non-200 for 'graduate data analyst': 403
2026-09-30 15:44:07 | INFO     | GET https://www.simplyhired.co.uk/search {'q': 'junior data analyst', 'l': 'United Kingdom'}
2026-09-30 15:44:07 | WARNING  | SimplyHired non-200 for 'junior data analyst': 403
2026-09-30 15:44:07 | INFO     | GET https://www.simplyhired.co.uk/search {'q': 'entry level data analyst', 'l': 'United Kingdom'}
2026-09-30 15:44:07 | WARNING  | SimplyHired non-200 for 'entry level data analyst': 403
2026-09-30 15:44:07 | INFO     | GET https://www.simplyhired.co.uk/search {'q': 'graduate analyst data', 'l': 'United Kingdom'}
2026-09-30 15:44:08 | WARNING  | SimplyHired non-200 for 'graduate analyst data': 403
2026-09-30 15:44:08 | INFO     | SimplyHired unique → 0
2026-09-30 15:44:08 | INFO     | unique jobs after merge: 1057 (per source: jobicy=193, remotive=16, remoteok=99, arbeitnow=749, adzuna=0, simplyhired=0)
2026-09-30 15:44:08 | INFO     | transformed 1057 jobs (450 data-ish)
2026-09-30 15:44:08 | INFO     | wrote 1057 jobs to /home/runner/work/remote-job-market-pipeline/remote-job-market-pipeline/remote_jobs.db
2026-09-30 15:44:08 | INFO     | csv → /home/runner/work/remote-job-market-pipeline/remote-job-market-pipeline/data/remote_jobs_tableau.csv (131 rows); junior UK → /home/runner/work/remote-job-market-pipeline/remote-job-market-pipeline/data/remote_jobs_junior_uk.csv (8 rows); full dump 1057 rows at remote_jobs_tableau_all.csv
2026-09-30 15:44:08 | INFO     | no TABLEAU_SERVER_URL — skipping publish. CSV is ready for Tableau Public (GitHub raw URL works fine).
2026-09-30 15:44:08 | INFO     | source counts: {'jobicy': 193, 'remotive': 16, 'remoteok': 99, 'arbeitnow': 749, 'adzuna': 0, 'simplyhired': 0}
2026-09-30 15:44:08 | INFO     | done — jobs=1057 companies=2612 data_roles=450 tableau_rows=131 junior_uk_rows=8 top_skills=[('Python', 19), ('SQL', 17), ('Excel', 16), ('dbt', 4), ('Snowflake', 2)]
2026-10-01 16:07:58 | INFO     | pipeline start
2026-10-01 16:07:58 | INFO     | DB_PATH=/home/runner/work/remote-job-market-pipeline/remote-job-market-pipeline/remote_jobs.db
2026-10-01 16:07:58 | INFO     | GET https://jobicy.com/api/v2/remote-jobs {'count': 100}
2026-10-01 16:07:58 | INFO     | Jobicy → 100 jobs
2026-10-01 16:07:58 | INFO     | GET https://jobicy.com/api/v2/remote-jobs {'count': 100, 'tag': 'data'}
2026-10-01 16:07:58 | INFO     | Jobicy tag=data → 100 jobs
2026-10-01 16:07:58 | INFO     | GET https://remotive.com/api/remote-jobs {'category': 'data'}
2026-10-01 16:07:58 | INFO     | Remotive {'category': 'data'} → 16 jobs
2026-10-01 16:07:58 | INFO     | GET https://remotive.com/api/remote-jobs {'search': 'junior data analyst'}
2026-10-01 16:07:58 | INFO     | Remotive {'search': 'junior data analyst'} → 16 jobs
2026-10-01 16:07:58 | INFO     | GET https://remoteok.com/api
2026-10-01 16:07:59 | INFO     | RemoteOK → 99 jobs
2026-10-01 16:07:59 | INFO     | GET https://www.arbeitnow.com/api/job-board-api {'page': 1}
2026-10-01 16:07:59 | INFO     | Arbeitnow page 1 → 326 jobs
2026-10-01 16:07:59 | INFO     | GET https://www.arbeitnow.com/api/job-board-api {'page': 2}
2026-10-01 16:07:59 | INFO     | Arbeitnow page 2 → 325 jobs
2026-10-01 16:07:59 | INFO     | GET https://www.arbeitnow.com/api/job-board-api {'page': 3}
2026-10-01 16:08:00 | INFO     | Arbeitnow page 3 → 100 jobs
2026-10-01 16:08:01 | INFO     | ADZUNA_APP_ID / ADZUNA_APP_KEY not set — skipping Adzuna
2026-10-01 16:08:01 | INFO     | GET https://www.simplyhired.co.uk/search {'q': 'graduate data analyst', 'l': 'United Kingdom'}
2026-10-01 16:08:01 | WARNING  | SimplyHired non-200 for 'graduate data analyst': 403
2026-10-01 16:08:01 | INFO     | GET https://www.simplyhired.co.uk/search {'q': 'junior data analyst', 'l': 'United Kingdom'}
2026-10-01 16:08:01 | WARNING  | SimplyHired non-200 for 'junior data analyst': 403
2026-10-01 16:08:01 | INFO     | GET https://www.simplyhired.co.uk/search {'q': 'entry level data analyst', 'l': 'United Kingdom'}
2026-10-01 16:08:01 | WARNING  | SimplyHired non-200 for 'entry level data analyst': 403
2026-10-01 16:08:01 | INFO     | GET https://www.simplyhired.co.uk/search {'q': 'graduate analyst data', 'l': 'United Kingdom'}
2026-10-01 16:08:01 | WARNING  | SimplyHired non-200 for 'graduate analyst data': 403
2026-10-01 16:08:01 | INFO     | SimplyHired unique → 0
2026-10-01 16:08:01 | INFO     | unique jobs after merge: 981 (per source: jobicy=119, remotive=16, remoteok=99, arbeitnow=747, adzuna=0, simplyhired=0)
2026-10-01 16:08:01 | INFO     | transformed 981 jobs (384 data-ish)
2026-10-01 16:08:01 | INFO     | wrote 981 jobs to /home/runner/work/remote-job-market-pipeline/remote-job-market-pipeline/remote_jobs.db
2026-10-01 16:08:01 | INFO     | csv → /home/runner/work/remote-job-market-pipeline/remote-job-market-pipeline/data/remote_jobs_tableau.csv (136 rows); junior UK → /home/runner/work/remote-job-market-pipeline/remote-job-market-pipeline/data/remote_jobs_junior_uk.csv (7 rows); full dump 981 rows at remote_jobs_tableau_all.csv
2026-10-01 16:08:01 | INFO     | no TABLEAU_SERVER_URL — skipping publish. CSV is ready for Tableau Public (GitHub raw URL works fine).
2026-10-01 16:08:01 | INFO     | source counts: {'jobicy': 119, 'remotive': 16, 'remoteok': 99, 'arbeitnow': 747, 'adzuna': 0, 'simplyhired': 0}
2026-10-01 16:08:01 | INFO     | done — jobs=981 companies=2710 data_roles=384 tableau_rows=136 junior_uk_rows=7 top_skills=[('Excel', 24), ('Python', 18), ('SQL', 3), ('Power BI', 1), ('Tableau', 1)]
2026-10-02 15:31:31 | INFO     | pipeline start
2026-10-02 15:31:31 | INFO     | DB_PATH=/home/runner/work/remote-job-market-pipeline/remote-job-market-pipeline/remote_jobs.db
2026-10-02 15:31:31 | INFO     | GET https://jobicy.com/api/v2/remote-jobs {'count': 100}
2026-10-02 15:31:31 | INFO     | Jobicy → 100 jobs
2026-10-02 15:31:31 | INFO     | GET https://jobicy.com/api/v2/remote-jobs {'count': 100, 'tag': 'data'}
2026-10-02 15:31:33 | INFO     | Jobicy tag=data → 100 jobs
2026-10-02 15:31:33 | INFO     | GET https://remotive.com/api/remote-jobs {'category': 'data'}
2026-10-02 15:31:33 | INFO     | Remotive {'category': 'data'} → 17 jobs
2026-10-02 15:31:33 | INFO     | GET https://remotive.com/api/remote-jobs {'search': 'junior data analyst'}
2026-10-02 15:31:33 | INFO     | Remotive {'search': 'junior data analyst'} → 17 jobs
2026-10-02 15:31:33 | INFO     | GET https://remoteok.com/api
2026-10-02 15:31:33 | INFO     | RemoteOK → 99 jobs
2026-10-02 15:31:33 | INFO     | GET https://www.arbeitnow.com/api/job-board-api {'page': 1}
2026-10-02 15:31:34 | INFO     | Arbeitnow page 1 → 326 jobs
2026-10-02 15:31:34 | INFO     | GET https://www.arbeitnow.com/api/job-board-api {'page': 2}
2026-10-02 15:31:34 | INFO     | Arbeitnow page 2 → 325 jobs
2026-10-02 15:31:34 | INFO     | GET https://www.arbeitnow.com/api/job-board-api {'page': 3}
2026-10-02 15:31:34 | INFO     | Arbeitnow page 3 → 100 jobs
2026-10-02 15:31:35 | INFO     | ADZUNA_APP_ID / ADZUNA_APP_KEY not set — skipping Adzuna
2026-10-02 15:31:35 | INFO     | GET https://www.simplyhired.co.uk/search {'q': 'graduate data analyst', 'l': 'United Kingdom'}
2026-10-02 15:31:35 | WARNING  | SimplyHired non-200 for 'graduate data analyst': 403
2026-10-02 15:31:35 | INFO     | GET https://www.simplyhired.co.uk/search {'q': 'junior data analyst', 'l': 'United Kingdom'}
2026-10-02 15:31:35 | WARNING  | SimplyHired non-200 for 'junior data analyst': 403
2026-10-02 15:31:35 | INFO     | GET https://www.simplyhired.co.uk/search {'q': 'entry level data analyst', 'l': 'United Kingdom'}
2026-10-02 15:31:35 | WARNING  | SimplyHired non-200 for 'entry level data analyst': 403
2026-10-02 15:31:35 | INFO     | GET https://www.simplyhired.co.uk/search {'q': 'graduate analyst data', 'l': 'United Kingdom'}
2026-10-02 15:31:35 | WARNING  | SimplyHired non-200 for 'graduate analyst data': 403
2026-10-02 15:31:35 | INFO     | SimplyHired unique → 0
2026-10-02 15:31:35 | INFO     | unique jobs after merge: 986 (per source: jobicy=125, remotive=17, remoteok=99, arbeitnow=745, adzuna=0, simplyhired=0)
2026-10-02 15:31:35 | INFO     | transformed 986 jobs (391 data-ish)
2026-10-02 15:31:35 | INFO     | wrote 986 jobs to /home/runner/work/remote-job-market-pipeline/remote-job-market-pipeline/remote_jobs.db
2026-10-02 15:31:35 | INFO     | csv → /home/runner/work/remote-job-market-pipeline/remote-job-market-pipeline/data/remote_jobs_tableau.csv (123 rows); junior UK → /home/runner/work/remote-job-market-pipeline/remote-job-market-pipeline/data/remote_jobs_junior_uk.csv (5 rows); full dump 986 rows at remote_jobs_tableau_all.csv
2026-10-02 15:31:35 | INFO     | no TABLEAU_SERVER_URL — skipping publish. CSV is ready for Tableau Public (GitHub raw URL works fine).
2026-10-02 15:31:35 | INFO     | source counts: {'jobicy': 125, 'remotive': 17, 'remoteok': 99, 'arbeitnow': 745, 'adzuna': 0, 'simplyhired': 0}
2026-10-02 15:31:35 | INFO     | done — jobs=986 companies=2814 data_roles=391 tableau_rows=123 junior_uk_rows=5 top_skills=[('Excel', 18), ('Python', 17), ('SQL', 6), ('Power BI', 1), ('Snowflake', 1), ('Tableau', 1), ('dbt', 1)]
2026-10-03 14:13:07 | INFO     | pipeline start
2026-10-03 14:13:07 | INFO     | DB_PATH=/home/runner/work/remote-job-market-pipeline/remote-job-market-pipeline/remote_jobs.db
2026-10-03 14:13:07 | INFO     | GET https://jobicy.com/api/v2/remote-jobs {'count': 100}
2026-10-03 14:13:07 | INFO     | Jobicy → 100 jobs
2026-10-03 14:13:07 | INFO     | GET https://jobicy.com/api/v2/remote-jobs {'count': 100, 'tag': 'data'}
2026-10-03 14:13:07 | INFO     | Jobicy tag=data → 100 jobs
2026-10-03 14:13:07 | INFO     | GET https://remotive.com/api/remote-jobs {'category': 'data'}
2026-10-03 14:13:08 | INFO     | Remotive {'category': 'data'} → 16 jobs
2026-10-03 14:13:08 | INFO     | GET https://remotive.com/api/remote-jobs {'search': 'junior data analyst'}
2026-10-03 14:13:08 | INFO     | Remotive {'search': 'junior data analyst'} → 16 jobs
2026-10-03 14:13:08 | INFO     | GET https://remoteok.com/api
2026-10-03 14:13:08 | INFO     | RemoteOK → 99 jobs
2026-10-03 14:13:08 | INFO     | GET https://www.arbeitnow.com/api/job-board-api {'page': 1}
2026-10-03 14:13:08 | INFO     | Arbeitnow page 1 → 325 jobs
2026-10-03 14:13:08 | INFO     | GET https://www.arbeitnow.com/api/job-board-api {'page': 2}
2026-10-03 14:13:08 | INFO     | Arbeitnow page 2 → 325 jobs
2026-10-03 14:13:08 | INFO     | GET https://www.arbeitnow.com/api/job-board-api {'page': 3}
2026-10-03 14:13:08 | INFO     | Arbeitnow page 3 → 100 jobs
2026-10-03 14:13:10 | INFO     | ADZUNA_APP_ID / ADZUNA_APP_KEY not set — skipping Adzuna
2026-10-03 14:13:10 | INFO     | GET https://www.simplyhired.co.uk/search {'q': 'graduate data analyst', 'l': 'United Kingdom'}
2026-10-03 14:13:10 | WARNING  | SimplyHired non-200 for 'graduate data analyst': 403
2026-10-03 14:13:10 | INFO     | GET https://www.simplyhired.co.uk/search {'q': 'junior data analyst', 'l': 'United Kingdom'}
2026-10-03 14:13:10 | WARNING  | SimplyHired non-200 for 'junior data analyst': 403
2026-10-03 14:13:10 | INFO     | GET https://www.simplyhired.co.uk/search {'q': 'entry level data analyst', 'l': 'United Kingdom'}
2026-10-03 14:13:10 | WARNING  | SimplyHired non-200 for 'entry level data analyst': 403
2026-10-03 14:13:10 | INFO     | GET https://www.simplyhired.co.uk/search {'q': 'graduate analyst data', 'l': 'United Kingdom'}
2026-10-03 14:13:10 | WARNING  | SimplyHired non-200 for 'graduate analyst data': 403
2026-10-03 14:13:10 | INFO     | SimplyHired unique → 0
2026-10-03 14:13:10 | INFO     | unique jobs after merge: 973 (per source: jobicy=117, remotive=16, remoteok=99, arbeitnow=741, adzuna=0, simplyhired=0)
2026-10-03 14:13:10 | INFO     | transformed 973 jobs (388 data-ish)
2026-10-03 14:13:10 | INFO     | wrote 973 jobs to /home/runner/work/remote-job-market-pipeline/remote-job-market-pipeline/remote_jobs.db
2026-10-03 14:13:10 | INFO     | csv → /home/runner/work/remote-job-market-pipeline/remote-job-market-pipeline/data/remote_jobs_tableau.csv (128 rows); junior UK → /home/runner/work/remote-job-market-pipeline/remote-job-market-pipeline/data/remote_jobs_junior_uk.csv (9 rows); full dump 973 rows at remote_jobs_tableau_all.csv
2026-10-03 14:13:10 | INFO     | no TABLEAU_SERVER_URL — skipping publish. CSV is ready for Tableau Public (GitHub raw URL works fine).
2026-10-03 14:13:10 | INFO     | source counts: {'jobicy': 117, 'remotive': 16, 'remoteok': 99, 'arbeitnow': 741, 'adzuna': 0, 'simplyhired': 0}
2026-10-03 14:13:10 | INFO     | done — jobs=973 companies=2899 data_roles=388 tableau_rows=128 junior_uk_rows=9 top_skills=[('Python', 25), ('Excel', 16), ('SQL', 8)]
2026-10-04 14:41:45 | INFO     | pipeline start
2026-10-04 14:41:45 | INFO     | DB_PATH=/home/runner/work/remote-job-market-pipeline/remote-job-market-pipeline/remote_jobs.db
2026-10-04 14:41:45 | INFO     | GET https://jobicy.com/api/v2/remote-jobs {'count': 100}
2026-10-04 14:41:45 | INFO     | Jobicy → 100 jobs
2026-10-04 14:41:45 | INFO     | GET https://jobicy.com/api/v2/remote-jobs {'count': 100, 'tag': 'data'}
2026-10-04 14:41:45 | INFO     | Jobicy tag=data → 100 jobs
2026-10-04 14:41:45 | INFO     | GET https://remotive.com/api/remote-jobs {'category': 'data'}
2026-10-04 14:41:45 | INFO     | Remotive {'category': 'data'} → 18 jobs
2026-10-04 14:41:45 | INFO     | GET https://remotive.com/api/remote-jobs {'search': 'junior data analyst'}
2026-10-04 14:41:45 | INFO     | Remotive {'search': 'junior data analyst'} → 18 jobs
2026-10-04 14:41:45 | INFO     | GET https://remoteok.com/api
2026-10-04 14:41:46 | INFO     | RemoteOK → 99 jobs
2026-10-04 14:41:46 | INFO     | GET https://www.arbeitnow.com/api/job-board-api {'page': 1}
2026-10-04 14:41:46 | INFO     | Arbeitnow page 1 → 325 jobs
2026-10-04 14:41:46 | INFO     | GET https://www.arbeitnow.com/api/job-board-api {'page': 2}
2026-10-04 14:41:46 | INFO     | Arbeitnow page 2 → 325 jobs
2026-10-04 14:41:46 | INFO     | GET https://www.arbeitnow.com/api/job-board-api {'page': 3}
2026-10-04 14:41:46 | INFO     | Arbeitnow page 3 → 100 jobs
2026-10-04 14:41:48 | INFO     | ADZUNA_APP_ID / ADZUNA_APP_KEY not set — skipping Adzuna
2026-10-04 14:41:48 | INFO     | GET https://www.simplyhired.co.uk/search {'q': 'graduate data analyst', 'l': 'United Kingdom'}
2026-10-04 14:41:48 | WARNING  | SimplyHired non-200 for 'graduate data analyst': 403
2026-10-04 14:41:48 | INFO     | GET https://www.simplyhired.co.uk/search {'q': 'junior data analyst', 'l': 'United Kingdom'}
2026-10-04 14:41:48 | WARNING  | SimplyHired non-200 for 'junior data analyst': 403
2026-10-04 14:41:48 | INFO     | GET https://www.simplyhired.co.uk/search {'q': 'entry level data analyst', 'l': 'United Kingdom'}
2026-10-04 14:41:48 | WARNING  | SimplyHired non-200 for 'entry level data analyst': 403
2026-10-04 14:41:48 | INFO     | GET https://www.simplyhired.co.uk/search {'q': 'graduate analyst data', 'l': 'United Kingdom'}
2026-10-04 14:41:48 | WARNING  | SimplyHired non-200 for 'graduate analyst data': 403
2026-10-04 14:41:48 | INFO     | SimplyHired unique → 0
2026-10-04 14:41:48 | INFO     | unique jobs after merge: 992 (per source: jobicy=125, remotive=18, remoteok=99, arbeitnow=750, adzuna=0, simplyhired=0)
2026-10-04 14:41:48 | INFO     | transformed 992 jobs (372 data-ish)
2026-10-04 14:41:48 | INFO     | wrote 992 jobs to /home/runner/work/remote-job-market-pipeline/remote-job-market-pipeline/remote_jobs.db
2026-10-04 14:41:48 | INFO     | csv → /home/runner/work/remote-job-market-pipeline/remote-job-market-pipeline/data/remote_jobs_tableau.csv (119 rows); junior UK → /home/runner/work/remote-job-market-pipeline/remote-job-market-pipeline/data/remote_jobs_junior_uk.csv (14 rows); full dump 992 rows at remote_jobs_tableau_all.csv
2026-10-04 14:41:48 | INFO     | no TABLEAU_SERVER_URL — skipping publish. CSV is ready for Tableau Public (GitHub raw URL works fine).
2026-10-04 14:41:48 | INFO     | source counts: {'jobicy': 125, 'remotive': 18, 'remoteok': 99, 'arbeitnow': 750, 'adzuna': 0, 'simplyhired': 0}
2026-10-04 14:41:48 | INFO     | done — jobs=992 companies=2960 data_roles=372 tableau_rows=119 junior_uk_rows=14 top_skills=[('Excel', 15), ('Python', 13), ('SQL', 7), ('Power BI', 1), ('Snowflake', 1)]
2026-10-05 18:06:36 | INFO     | pipeline start
2026-10-05 18:06:36 | INFO     | DB_PATH=/home/runner/work/remote-job-market-pipeline/remote-job-market-pipeline/remote_jobs.db
2026-10-05 18:06:36 | INFO     | GET https://jobicy.com/api/v2/remote-jobs {'count': 100}
2026-10-05 18:06:37 | INFO     | Jobicy → 100 jobs
2026-10-05 18:06:37 | INFO     | GET https://jobicy.com/api/v2/remote-jobs {'count': 100, 'tag': 'data'}
2026-10-05 18:06:38 | INFO     | Jobicy tag=data → 100 jobs
2026-10-05 18:06:38 | INFO     | GET https://remotive.com/api/remote-jobs {'category': 'data'}
2026-10-05 18:06:38 | INFO     | Remotive {'category': 'data'} → 17 jobs
2026-10-05 18:06:38 | INFO     | GET https://remotive.com/api/remote-jobs {'search': 'junior data analyst'}
2026-10-05 18:06:38 | INFO     | Remotive {'search': 'junior data analyst'} → 17 jobs
2026-10-05 18:06:38 | INFO     | GET https://remoteok.com/api
2026-10-05 18:06:40 | INFO     | RemoteOK → 99 jobs
2026-10-05 18:06:40 | INFO     | GET https://www.arbeitnow.com/api/job-board-api {'page': 1}
2026-10-05 18:06:40 | INFO     | Arbeitnow page 1 → 325 jobs
2026-10-05 18:06:40 | INFO     | GET https://www.arbeitnow.com/api/job-board-api {'page': 2}
2026-10-05 18:06:40 | INFO     | Arbeitnow page 2 → 325 jobs
2026-10-05 18:06:40 | INFO     | GET https://www.arbeitnow.com/api/job-board-api {'page': 3}
2026-10-05 18:06:40 | INFO     | Arbeitnow page 3 → 100 jobs
2026-10-05 18:06:41 | INFO     | ADZUNA_APP_ID / ADZUNA_APP_KEY not set — skipping Adzuna
2026-10-05 18:06:41 | INFO     | GET https://www.simplyhired.co.uk/search {'q': 'graduate data analyst', 'l': 'United Kingdom'}
2026-10-05 18:06:41 | WARNING  | SimplyHired non-200 for 'graduate data analyst': 403
2026-10-05 18:06:41 | INFO     | GET https://www.simplyhired.co.uk/search {'q': 'junior data analyst', 'l': 'United Kingdom'}
2026-10-05 18:06:41 | WARNING  | SimplyHired non-200 for 'junior data analyst': 403
2026-10-05 18:06:41 | INFO     | GET https://www.simplyhired.co.uk/search {'q': 'entry level data analyst', 'l': 'United Kingdom'}
2026-10-05 18:06:41 | WARNING  | SimplyHired non-200 for 'entry level data analyst': 403
2026-10-05 18:06:41 | INFO     | GET https://www.simplyhired.co.uk/search {'q': 'graduate analyst data', 'l': 'United Kingdom'}
2026-10-05 18:06:42 | WARNING  | SimplyHired non-200 for 'graduate analyst data': 403
2026-10-05 18:06:42 | INFO     | SimplyHired unique → 0
2026-10-05 18:06:42 | INFO     | unique jobs after merge: 950 (per source: jobicy=124, remotive=17, remoteok=99, arbeitnow=710, adzuna=0, simplyhired=0)
2026-10-05 18:06:42 | INFO     | transformed 950 jobs (311 data-ish)
2026-10-05 18:06:42 | INFO     | wrote 950 jobs to /home/runner/work/remote-job-market-pipeline/remote-job-market-pipeline/remote_jobs.db
2026-10-05 18:06:42 | INFO     | csv → /home/runner/work/remote-job-market-pipeline/remote-job-market-pipeline/data/remote_jobs_tableau.csv (121 rows); junior UK → /home/runner/work/remote-job-market-pipeline/remote-job-market-pipeline/data/remote_jobs_junior_uk.csv (6 rows); full dump 950 rows at remote_jobs_tableau_all.csv
2026-10-05 18:06:42 | INFO     | no TABLEAU_SERVER_URL — skipping publish. CSV is ready for Tableau Public (GitHub raw URL works fine).
2026-10-05 18:06:42 | INFO     | source counts: {'jobicy': 124, 'remotive': 17, 'remoteok': 99, 'arbeitnow': 710, 'adzuna': 0, 'simplyhired': 0}
2026-10-05 18:06:42 | INFO     | done — jobs=950 companies=3055 data_roles=311 tableau_rows=121 junior_uk_rows=6 top_skills=[('Python', 17), ('Excel', 15), ('SQL', 10), ('Power BI', 2), ('Snowflake', 1), ('Tableau', 1), ('dbt', 1)]
2026-10-06 15:45:29 | INFO     | pipeline start
2026-10-06 15:45:29 | INFO     | DB_PATH=/home/runner/work/remote-job-market-pipeline/remote-job-market-pipeline/remote_jobs.db
2026-10-06 15:45:29 | INFO     | GET https://jobicy.com/api/v2/remote-jobs {'count': 100}
2026-10-06 15:45:30 | INFO     | Jobicy → 100 jobs
2026-10-06 15:45:30 | INFO     | GET https://jobicy.com/api/v2/remote-jobs {'count': 100, 'tag': 'data'}
2026-10-06 15:45:31 | INFO     | Jobicy tag=data → 100 jobs
2026-10-06 15:45:31 | INFO     | GET https://remotive.com/api/remote-jobs {'category': 'data'}
2026-10-06 15:45:31 | INFO     | Remotive {'category': 'data'} → 18 jobs
2026-10-06 15:45:31 | INFO     | GET https://remotive.com/api/remote-jobs {'search': 'junior data analyst'}
2026-10-06 15:45:31 | INFO     | Remotive {'search': 'junior data analyst'} → 18 jobs
2026-10-06 15:45:31 | INFO     | GET https://remoteok.com/api
2026-10-06 15:45:32 | INFO     | RemoteOK → 99 jobs
2026-10-06 15:45:32 | INFO     | GET https://www.arbeitnow.com/api/job-board-api {'page': 1}
2026-10-06 15:45:32 | INFO     | Arbeitnow page 1 → 325 jobs
2026-10-06 15:45:32 | INFO     | GET https://www.arbeitnow.com/api/job-board-api {'page': 2}
2026-10-06 15:45:32 | INFO     | Arbeitnow page 2 → 306 jobs
2026-10-06 15:45:32 | INFO     | GET https://www.arbeitnow.com/api/job-board-api {'page': 3}
2026-10-06 15:45:33 | INFO     | Arbeitnow page 3 → 100 jobs
2026-10-06 15:45:33 | INFO     | ADZUNA_APP_ID / ADZUNA_APP_KEY not set — skipping Adzuna
2026-10-06 15:45:33 | INFO     | GET https://www.simplyhired.co.uk/search {'q': 'graduate data analyst', 'l': 'United Kingdom'}
2026-10-06 15:45:34 | WARNING  | SimplyHired non-200 for 'graduate data analyst': 403
2026-10-06 15:45:34 | INFO     | GET https://www.simplyhired.co.uk/search {'q': 'junior data analyst', 'l': 'United Kingdom'}
2026-10-06 15:45:34 | WARNING  | SimplyHired non-200 for 'junior data analyst': 403
2026-10-06 15:45:34 | INFO     | GET https://www.simplyhired.co.uk/search {'q': 'entry level data analyst', 'l': 'United Kingdom'}
2026-10-06 15:45:34 | WARNING  | SimplyHired non-200 for 'entry level data analyst': 403
2026-10-06 15:45:34 | INFO     | GET https://www.simplyhired.co.uk/search {'q': 'graduate analyst data', 'l': 'United Kingdom'}
2026-10-06 15:45:34 | WARNING  | SimplyHired non-200 for 'graduate analyst data': 403
2026-10-06 15:45:34 | INFO     | SimplyHired unique → 0
2026-10-06 15:45:34 | INFO     | unique jobs after merge: 923 (per source: jobicy=129, remotive=18, remoteok=99, arbeitnow=677, adzuna=0, simplyhired=0)
2026-10-06 15:45:34 | INFO     | transformed 923 jobs (328 data-ish)
2026-10-06 15:45:34 | INFO     | wrote 923 jobs to /home/runner/work/remote-job-market-pipeline/remote-job-market-pipeline/remote_jobs.db
2026-10-06 15:45:34 | INFO     | csv → /home/runner/work/remote-job-market-pipeline/remote-job-market-pipeline/data/remote_jobs_tableau.csv (132 rows); junior UK → /home/runner/work/remote-job-market-pipeline/remote-job-market-pipeline/data/remote_jobs_junior_uk.csv (7 rows); full dump 923 rows at remote_jobs_tableau_all.csv
2026-10-06 15:45:34 | INFO     | no TABLEAU_SERVER_URL — skipping publish. CSV is ready for Tableau Public (GitHub raw URL works fine).
2026-10-06 15:45:34 | INFO     | source counts: {'jobicy': 129, 'remotive': 18, 'remoteok': 99, 'arbeitnow': 677, 'adzuna': 0, 'simplyhired': 0}
2026-10-06 15:45:34 | INFO     | done — jobs=923 companies=3154 data_roles=328 tableau_rows=132 junior_uk_rows=7 top_skills=[('Python', 23), ('Excel', 15), ('SQL', 11), ('dbt', 1)]
2026-10-07 16:10:48 | INFO     | pipeline start
2026-10-07 16:10:48 | INFO     | DB_PATH=/home/runner/work/remote-job-market-pipeline/remote-job-market-pipeline/remote_jobs.db
2026-10-07 16:10:48 | INFO     | GET https://jobicy.com/api/v2/remote-jobs {'count': 100}
2026-10-07 16:10:48 | INFO     | Jobicy → 100 jobs
2026-10-07 16:10:48 | INFO     | GET https://jobicy.com/api/v2/remote-jobs {'count': 100, 'tag': 'data'}
2026-10-07 16:10:49 | INFO     | Jobicy tag=data → 100 jobs
2026-10-07 16:10:49 | INFO     | GET https://remotive.com/api/remote-jobs {'category': 'data'}
2026-10-07 16:10:49 | INFO     | Remotive {'category': 'data'} → 17 jobs
2026-10-07 16:10:49 | INFO     | GET https://remotive.com/api/remote-jobs {'search': 'junior data analyst'}
2026-10-07 16:10:49 | INFO     | Remotive {'search': 'junior data analyst'} → 17 jobs
2026-10-07 16:10:49 | INFO     | GET https://remoteok.com/api
2026-10-07 16:10:50 | INFO     | RemoteOK → 99 jobs
2026-10-07 16:10:50 | INFO     | GET https://www.arbeitnow.com/api/job-board-api {'page': 1}
2026-10-07 16:10:50 | INFO     | Arbeitnow page 1 → 325 jobs
2026-10-07 16:10:50 | INFO     | GET https://www.arbeitnow.com/api/job-board-api {'page': 2}
2026-10-07 16:10:50 | INFO     | Arbeitnow page 2 → 325 jobs
2026-10-07 16:10:50 | INFO     | GET https://www.arbeitnow.com/api/job-board-api {'page': 3}
2026-10-07 16:10:50 | INFO     | Arbeitnow page 3 → 100 jobs
2026-10-07 16:10:51 | INFO     | ADZUNA_APP_ID / ADZUNA_APP_KEY not set — skipping Adzuna
2026-10-07 16:10:51 | INFO     | GET https://www.simplyhired.co.uk/search {'q': 'graduate data analyst', 'l': 'United Kingdom'}
2026-10-07 16:10:51 | WARNING  | SimplyHired non-200 for 'graduate data analyst': 403
2026-10-07 16:10:51 | INFO     | GET https://www.simplyhired.co.uk/search {'q': 'junior data analyst', 'l': 'United Kingdom'}
2026-10-07 16:10:51 | WARNING  | SimplyHired non-200 for 'junior data analyst': 403
2026-10-07 16:10:51 | INFO     | GET https://www.simplyhired.co.uk/search {'q': 'entry level data analyst', 'l': 'United Kingdom'}
2026-10-07 16:10:51 | WARNING  | SimplyHired non-200 for 'entry level data analyst': 403
2026-10-07 16:10:51 | INFO     | GET https://www.simplyhired.co.uk/search {'q': 'graduate analyst data', 'l': 'United Kingdom'}
2026-10-07 16:10:52 | WARNING  | SimplyHired non-200 for 'graduate analyst data': 403
2026-10-07 16:10:52 | INFO     | SimplyHired unique → 0
2026-10-07 16:10:52 | INFO     | unique jobs after merge: 978 (per source: jobicy=122, remotive=17, remoteok=99, arbeitnow=740, adzuna=0, simplyhired=0)
2026-10-07 16:10:52 | INFO     | transformed 978 jobs (332 data-ish)
2026-10-07 16:10:52 | INFO     | wrote 978 jobs to /home/runner/work/remote-job-market-pipeline/remote-job-market-pipeline/remote_jobs.db
2026-10-07 16:10:52 | INFO     | csv → /home/runner/work/remote-job-market-pipeline/remote-job-market-pipeline/data/remote_jobs_tableau.csv (117 rows); junior UK → /home/runner/work/remote-job-market-pipeline/remote-job-market-pipeline/data/remote_jobs_junior_uk.csv (13 rows); full dump 978 rows at remote_jobs_tableau_all.csv
2026-10-07 16:10:52 | INFO     | no TABLEAU_SERVER_URL — skipping publish. CSV is ready for Tableau Public (GitHub raw URL works fine).
2026-10-07 16:10:52 | INFO     | source counts: {'jobicy': 122, 'remotive': 17, 'remoteok': 99, 'arbeitnow': 740, 'adzuna': 0, 'simplyhired': 0}
2026-10-07 16:10:52 | INFO     | done — jobs=978 companies=3285 data_roles=332 tableau_rows=117 junior_uk_rows=13 top_skills=[('Python', 18), ('Excel', 15), ('SQL', 12), ('Power BI', 4), ('dbt', 3), ('Snowflake', 1), ('Tableau', 1)]
2026-10-08 16:11:56 | INFO     | pipeline start
2026-10-08 16:11:56 | INFO     | DB_PATH=/home/runner/work/remote-job-market-pipeline/remote-job-market-pipeline/remote_jobs.db
2026-10-08 16:11:56 | INFO     | GET https://jobicy.com/api/v2/remote-jobs {'count': 100}
2026-10-08 16:11:56 | INFO     | Jobicy → 100 jobs
2026-10-08 16:11:56 | INFO     | GET https://jobicy.com/api/v2/remote-jobs {'count': 100, 'tag': 'data'}
2026-10-08 16:11:57 | INFO     | Jobicy tag=data → 100 jobs
2026-10-08 16:11:57 | INFO     | GET https://remotive.com/api/remote-jobs {'category': 'data'}
2026-10-08 16:11:57 | INFO     | Remotive {'category': 'data'} → 19 jobs
2026-10-08 16:11:57 | INFO     | GET https://remotive.com/api/remote-jobs {'search': 'junior data analyst'}
2026-10-08 16:11:57 | INFO     | Remotive {'search': 'junior data analyst'} → 19 jobs
2026-10-08 16:11:57 | INFO     | GET https://remoteok.com/api
2026-10-08 16:11:59 | INFO     | RemoteOK → 99 jobs
2026-10-08 16:11:59 | INFO     | GET https://www.arbeitnow.com/api/job-board-api {'page': 1}
2026-10-08 16:11:59 | INFO     | Arbeitnow page 1 → 325 jobs
2026-10-08 16:11:59 | INFO     | GET https://www.arbeitnow.com/api/job-board-api {'page': 2}
2026-10-08 16:11:59 | INFO     | Arbeitnow page 2 → 325 jobs
2026-10-08 16:11:59 | INFO     | GET https://www.arbeitnow.com/api/job-board-api {'page': 3}
2026-10-08 16:11:59 | INFO     | Arbeitnow page 3 → 100 jobs
2026-10-08 16:12:00 | INFO     | ADZUNA_APP_ID / ADZUNA_APP_KEY not set — skipping Adzuna
2026-10-08 16:12:00 | INFO     | GET https://www.simplyhired.co.uk/search {'q': 'graduate data analyst', 'l': 'United Kingdom'}
2026-10-08 16:12:00 | WARNING  | SimplyHired non-200 for 'graduate data analyst': 403
2026-10-08 16:12:00 | INFO     | GET https://www.simplyhired.co.uk/search {'q': 'junior data analyst', 'l': 'United Kingdom'}
2026-10-08 16:12:00 | WARNING  | SimplyHired non-200 for 'junior data analyst': 403
2026-10-08 16:12:00 | INFO     | GET https://www.simplyhired.co.uk/search {'q': 'entry level data analyst', 'l': 'United Kingdom'}
2026-10-08 16:12:00 | WARNING  | SimplyHired non-200 for 'entry level data analyst': 403
2026-10-08 16:12:00 | INFO     | GET https://www.simplyhired.co.uk/search {'q': 'graduate analyst data', 'l': 'United Kingdom'}
2026-10-08 16:12:01 | WARNING  | SimplyHired non-200 for 'graduate analyst data': 403
2026-10-08 16:12:01 | INFO     | SimplyHired unique → 0
2026-10-08 16:12:01 | INFO     | unique jobs after merge: 983 (per source: jobicy=129, remotive=19, remoteok=99, arbeitnow=736, adzuna=0, simplyhired=0)
2026-10-08 16:12:01 | INFO     | transformed 983 jobs (325 data-ish)
2026-10-08 16:12:01 | INFO     | wrote 983 jobs to /home/runner/work/remote-job-market-pipeline/remote-job-market-pipeline/remote_jobs.db
2026-10-08 16:12:01 | INFO     | csv → /home/runner/work/remote-job-market-pipeline/remote-job-market-pipeline/data/remote_jobs_tableau.csv (118 rows); junior UK → /home/runner/work/remote-job-market-pipeline/remote-job-market-pipeline/data/remote_jobs_junior_uk.csv (9 rows); full dump 983 rows at remote_jobs_tableau_all.csv
2026-10-08 16:12:01 | INFO     | no TABLEAU_SERVER_URL — skipping publish. CSV is ready for Tableau Public (GitHub raw URL works fine).
2026-10-08 16:12:01 | INFO     | source counts: {'jobicy': 129, 'remotive': 19, 'remoteok': 99, 'arbeitnow': 736, 'adzuna': 0, 'simplyhired': 0}
2026-10-08 16:12:01 | INFO     | done — jobs=983 companies=3388 data_roles=325 tableau_rows=118 junior_uk_rows=9 top_skills=[('Python', 21), ('SQL', 12), ('Excel', 8), ('dbt', 4), ('Snowflake', 1), ('Tableau', 1)]
2026-10-09 15:55:28 | INFO     | pipeline start
2026-10-09 15:55:28 | INFO     | DB_PATH=/home/runner/work/remote-job-market-pipeline/remote-job-market-pipeline/remote_jobs.db
2026-10-09 15:55:28 | INFO     | GET https://jobicy.com/api/v2/remote-jobs {'count': 100}
2026-10-09 15:55:29 | INFO     | Jobicy → 100 jobs
2026-10-09 15:55:29 | INFO     | GET https://jobicy.com/api/v2/remote-jobs {'count': 100, 'tag': 'data'}
2026-10-09 15:55:30 | INFO     | Jobicy tag=data → 100 jobs
2026-10-09 15:55:30 | INFO     | GET https://remotive.com/api/remote-jobs {'category': 'data'}
2026-10-09 15:55:30 | INFO     | Remotive {'category': 'data'} → 17 jobs
2026-10-09 15:55:30 | INFO     | GET https://remotive.com/api/remote-jobs {'search': 'junior data analyst'}
2026-10-09 15:55:30 | INFO     | Remotive {'search': 'junior data analyst'} → 17 jobs
2026-10-09 15:55:30 | INFO     | GET https://remoteok.com/api
2026-10-09 15:55:31 | INFO     | RemoteOK → 99 jobs
2026-10-09 15:55:31 | INFO     | GET https://www.arbeitnow.com/api/job-board-api {'page': 1}
2026-10-09 15:55:31 | INFO     | Arbeitnow page 1 → 325 jobs
2026-10-09 15:55:31 | INFO     | GET https://www.arbeitnow.com/api/job-board-api {'page': 2}
2026-10-09 15:55:31 | INFO     | Arbeitnow page 2 → 325 jobs
2026-10-09 15:55:31 | INFO     | GET https://www.arbeitnow.com/api/job-board-api {'page': 3}
2026-10-09 15:55:31 | INFO     | Arbeitnow page 3 → 100 jobs
2026-10-09 15:55:32 | INFO     | ADZUNA_APP_ID / ADZUNA_APP_KEY not set — skipping Adzuna
2026-10-09 15:55:32 | INFO     | GET https://www.simplyhired.co.uk/search {'q': 'graduate data analyst', 'l': 'United Kingdom'}
2026-10-09 15:55:32 | WARNING  | SimplyHired non-200 for 'graduate data analyst': 403
2026-10-09 15:55:32 | INFO     | GET https://www.simplyhired.co.uk/search {'q': 'junior data analyst', 'l': 'United Kingdom'}
2026-10-09 15:55:32 | WARNING  | SimplyHired non-200 for 'junior data analyst': 403
2026-10-09 15:55:32 | INFO     | GET https://www.simplyhired.co.uk/search {'q': 'entry level data analyst', 'l': 'United Kingdom'}
2026-10-09 15:55:32 | WARNING  | SimplyHired non-200 for 'entry level data analyst': 403
2026-10-09 15:55:32 | INFO     | GET https://www.simplyhired.co.uk/search {'q': 'graduate analyst data', 'l': 'United Kingdom'}
2026-10-09 15:55:32 | WARNING  | SimplyHired non-200 for 'graduate analyst data': 403
2026-10-09 15:55:32 | INFO     | SimplyHired unique → 0
2026-10-09 15:55:32 | INFO     | unique jobs after merge: 977 (per source: jobicy=119, remotive=17, remoteok=99, arbeitnow=742, adzuna=0, simplyhired=0)
2026-10-09 15:55:32 | INFO     | transformed 977 jobs (390 data-ish)
2026-10-09 15:55:33 | INFO     | wrote 977 jobs to /home/runner/work/remote-job-market-pipeline/remote-job-market-pipeline/remote_jobs.db
2026-10-09 15:55:33 | INFO     | csv → /home/runner/work/remote-job-market-pipeline/remote-job-market-pipeline/data/remote_jobs_tableau.csv (151 rows); junior UK → /home/runner/work/remote-job-market-pipeline/remote-job-market-pipeline/data/remote_jobs_junior_uk.csv (10 rows); full dump 977 rows at remote_jobs_tableau_all.csv
2026-10-09 15:55:33 | INFO     | no TABLEAU_SERVER_URL — skipping publish. CSV is ready for Tableau Public (GitHub raw URL works fine).
2026-10-09 15:55:33 | INFO     | source counts: {'jobicy': 119, 'remotive': 17, 'remoteok': 99, 'arbeitnow': 742, 'adzuna': 0, 'simplyhired': 0}
2026-10-09 15:55:33 | INFO     | done — jobs=977 companies=3489 data_roles=390 tableau_rows=151 junior_uk_rows=10 top_skills=[('Python', 24), ('SQL', 17), ('Excel', 11), ('Snowflake', 3), ('dbt', 3), ('Power BI', 2), ('Tableau', 1)]
2026-10-10 15:06:48 | INFO     | pipeline start
2026-10-10 15:06:48 | INFO     | DB_PATH=/home/runner/work/remote-job-market-pipeline/remote-job-market-pipeline/remote_jobs.db
2026-10-10 15:06:48 | INFO     | GET https://jobicy.com/api/v2/remote-jobs {'count': 100}
2026-10-10 15:06:48 | INFO     | Jobicy → 100 jobs
2026-10-10 15:06:48 | INFO     | GET https://jobicy.com/api/v2/remote-jobs {'count': 100, 'tag': 'data'}
2026-10-10 15:06:50 | INFO     | Jobicy tag=data → 100 jobs
2026-10-10 15:06:50 | INFO     | GET https://remotive.com/api/remote-jobs {'category': 'data'}
2026-10-10 15:06:50 | INFO     | Remotive {'category': 'data'} → 18 jobs
2026-10-10 15:06:50 | INFO     | GET https://remotive.com/api/remote-jobs {'search': 'junior data analyst'}
2026-10-10 15:06:50 | INFO     | Remotive {'search': 'junior data analyst'} → 18 jobs
2026-10-10 15:06:50 | INFO     | GET https://remoteok.com/api
2026-10-10 15:06:51 | INFO     | RemoteOK → 99 jobs
2026-10-10 15:06:51 | INFO     | GET https://www.arbeitnow.com/api/job-board-api {'page': 1}
2026-10-10 15:06:51 | INFO     | Arbeitnow page 1 → 325 jobs
2026-10-10 15:06:51 | INFO     | GET https://www.arbeitnow.com/api/job-board-api {'page': 2}
2026-10-10 15:06:51 | INFO     | Arbeitnow page 2 → 325 jobs
2026-10-10 15:06:51 | INFO     | GET https://www.arbeitnow.com/api/job-board-api {'page': 3}
2026-10-10 15:06:51 | INFO     | Arbeitnow page 3 → 100 jobs
2026-10-10 15:06:52 | INFO     | ADZUNA_APP_ID / ADZUNA_APP_KEY not set — skipping Adzuna
2026-10-10 15:06:52 | INFO     | GET https://www.simplyhired.co.uk/search {'q': 'graduate data analyst', 'l': 'United Kingdom'}
2026-10-10 15:06:52 | WARNING  | SimplyHired non-200 for 'graduate data analyst': 403
2026-10-10 15:06:52 | INFO     | GET https://www.simplyhired.co.uk/search {'q': 'junior data analyst', 'l': 'United Kingdom'}
2026-10-10 15:06:52 | WARNING  | SimplyHired non-200 for 'junior data analyst': 403
2026-10-10 15:06:52 | INFO     | GET https://www.simplyhired.co.uk/search {'q': 'entry level data analyst', 'l': 'United Kingdom'}
2026-10-10 15:06:52 | WARNING  | SimplyHired non-200 for 'entry level data analyst': 403
2026-10-10 15:06:52 | INFO     | GET https://www.simplyhired.co.uk/search {'q': 'graduate analyst data', 'l': 'United Kingdom'}
2026-10-10 15:06:52 | WARNING  | SimplyHired non-200 for 'graduate analyst data': 403
2026-10-10 15:06:52 | INFO     | SimplyHired unique → 0
2026-10-10 15:06:52 | INFO     | unique jobs after merge: 968 (per source: jobicy=128, remotive=18, remoteok=99, arbeitnow=723, adzuna=0, simplyhired=0)
2026-10-10 15:06:52 | INFO     | transformed 968 jobs (350 data-ish)
2026-10-10 15:06:53 | INFO     | wrote 968 jobs to /home/runner/work/remote-job-market-pipeline/remote-job-market-pipeline/remote_jobs.db
2026-10-10 15:06:53 | INFO     | csv → /home/runner/work/remote-job-market-pipeline/remote-job-market-pipeline/data/remote_jobs_tableau.csv (126 rows); junior UK → /home/runner/work/remote-job-market-pipeline/remote-job-market-pipeline/data/remote_jobs_junior_uk.csv (8 rows); full dump 968 rows at remote_jobs_tableau_all.csv
2026-10-10 15:06:53 | INFO     | no TABLEAU_SERVER_URL — skipping publish. CSV is ready for Tableau Public (GitHub raw URL works fine).
2026-10-10 15:06:53 | INFO     | source counts: {'jobicy': 128, 'remotive': 18, 'remoteok': 99, 'arbeitnow': 723, 'adzuna': 0, 'simplyhired': 0}
2026-10-10 15:06:53 | INFO     | done — jobs=968 companies=3550 data_roles=350 tableau_rows=126 junior_uk_rows=8 top_skills=[('Python', 25), ('SQL', 12), ('Excel', 11), ('Power BI', 1), ('Snowflake', 1), ('dbt', 1)]
